
==========================================================================
finish report_tns
--------------------------------------------------------------------------
tns max 0.00

==========================================================================
finish report_wns
--------------------------------------------------------------------------
wns max 0.00

==========================================================================
finish report_worst_slack
--------------------------------------------------------------------------
worst slack max 17.59

==========================================================================
finish report_clock_min_period
--------------------------------------------------------------------------
clk_jtg period_min = 32.56 fmax = 30.71
clk_rtc period_min = 0.00 fmax = inf
clk_sys period_min = 22.41 fmax = 44.62

==========================================================================
finish report_clock_skew
--------------------------------------------------------------------------
Clock clk_jtg
   0.77 source latency i_croc.i_dmi_jtag.i_dmi_jtag_tap.jtag_ir_q[0]$_DFFE_PN1P_/CLK ^
  -0.67 target latency i_croc.i_dmi_jtag.i_dmi_jtag_tap.td_o$_DFF_PN0_/CLK ^
   0.25 clock uncertainty
   0.00 CRPR
--------------
   0.35 setup skew

Clock clk_rtc
No launch/capture paths found.

Clock clk_sys
   2.24 source latency i_croc.i_main_xbar.gen_mux[0].i_mux.i_rr_arb.gen_arbiter.rr_q[1]$_DFFE_PN0P_/CLK ^
  -2.06 target latency i_croc.i_main_xbar.gen_demux[1].i_demux.select_q[1]$_DFFE_PN0P_/CLK ^
   0.25 clock uncertainty
   0.00 CRPR
--------------
   0.43 setup skew


==========================================================================
finish report_checks -path_delay min
--------------------------------------------------------------------------
Startpoint: i_rstgen.i_rstgen_bypass.synch_regs_q[3]$_DFF_PN0_
            (rising edge-triggered flip-flop clocked by clk_sys)
Endpoint: i_croc.i_clint.mtime_q[27]$_DFFE_PN0P_
          (removal check against rising-edge clock clk_sys)
Path Group: asynchronous
Path Type: min

Fanout     Cap    Slew   Delay    Time   Description
-----------------------------------------------------------------------------
                          0.00    0.00   clock clk_sys (rise edge)
                          0.00    0.00   clock source latency
     2    0.17    0.00    0.00    0.00 ^ clk_i (in)
                                         clk_i (net)
                  0.03    0.01    0.01 ^ wire15193/A (sky130_fd_sc_hd__buf_16)
     1    0.19    0.21    0.20    0.22 ^ wire15193/X (sky130_fd_sc_hd__buf_16)
                                         net15192 (net)
                  0.21    0.02    0.24 ^ clkbuf_0_clk_i/A (sky130_fd_sc_hd__clkbuf_16)
     3    0.15    0.16    0.27    0.51 ^ clkbuf_0_clk_i/X (sky130_fd_sc_hd__clkbuf_16)
                                         clknet_0_clk_i (net)
                  0.16    0.01    0.52 ^ clkbuf_1_1_0_clk_i/A (sky130_fd_sc_hd__clkbuf_16)
     2    0.13    0.14    0.24    0.76 ^ clkbuf_1_1_0_clk_i/X (sky130_fd_sc_hd__clkbuf_16)
                                         clknet_1_1_0_clk_i (net)
                  0.14    0.01    0.77 ^ clkbuf_2_3_0_clk_i/A (sky130_fd_sc_hd__clkbuf_16)
     2    0.12    0.13    0.23    1.00 ^ clkbuf_2_3_0_clk_i/X (sky130_fd_sc_hd__clkbuf_16)
                                         clknet_2_3_0_clk_i (net)
                  0.13    0.01    1.00 ^ clkbuf_3_7_0_clk_i/A (sky130_fd_sc_hd__clkbuf_16)
     2    0.11    0.13    0.22    1.23 ^ clkbuf_3_7_0_clk_i/X (sky130_fd_sc_hd__clkbuf_16)
                                         clknet_3_7_0_clk_i (net)
                  0.13    0.01    1.23 ^ clkbuf_4_15_0_clk_i/A (sky130_fd_sc_hd__clkbuf_16)
     4    0.14    0.15    0.24    1.48 ^ clkbuf_4_15_0_clk_i/X (sky130_fd_sc_hd__clkbuf_16)
                                         clknet_4_15_0_clk_i (net)
                  0.15    0.00    1.48 ^ clkbuf_6_62_0_clk_i/A (sky130_fd_sc_hd__clkbuf_16)
     8    0.15    0.16    0.25    1.74 ^ clkbuf_6_62_0_clk_i/X (sky130_fd_sc_hd__clkbuf_16)
                                         clknet_6_62_0_clk_i (net)
                  0.16    0.00    1.74 ^ clkbuf_9_501__f_clk_i/A (sky130_fd_sc_hd__clkbuf_16)
     4    0.07    0.09    0.20    1.94 ^ clkbuf_9_501__f_clk_i/X (sky130_fd_sc_hd__clkbuf_16)
                                         clknet_9_501__leaf_clk_i (net)
                  0.09    0.00    1.94 ^ clkbuf_leaf_2214_clk_i/A (sky130_fd_sc_hd__clkbuf_16)
     6    0.05    0.07    0.16    2.11 ^ clkbuf_leaf_2214_clk_i/X (sky130_fd_sc_hd__clkbuf_16)
                                         clknet_leaf_2214_clk_i (net)
                  0.07    0.00    2.11 ^ i_rstgen.i_rstgen_bypass.synch_regs_q[3]$_DFF_PN0_/CLK (sky130_fd_sc_hd__dfrtp_1)
     1    0.00    0.04    0.32    2.43 ^ i_rstgen.i_rstgen_bypass.synch_regs_q[3]$_DFF_PN0_/Q (sky130_fd_sc_hd__dfrtp_1)
                                         i_rstgen.i_rstgen_bypass.i_tc_clk_mux2_init_no.clk0_i (net)
                  0.04    0.00    2.43 ^ i_rstgen.i_rstgen_bypass.i_tc_clk_mux2_rst_no.i_mux/A0 (sky130_fd_sc_hd__mux2_4)
    27    0.19    0.53    0.47    2.90 ^ i_rstgen.i_rstgen_bypass.i_tc_clk_mux2_rst_no.i_mux/X (sky130_fd_sc_hd__mux2_4)
                                         i_croc.gen_no_dma.i_obi_err_sbr_idma_cfg.i_id_fifo.rst_ni (net)
                  0.54    0.04    2.94 ^ i_croc.i_clint.mtime_q[27]$_DFFE_PN0P_/RESET_B (sky130_fd_sc_hd__dfrtp_1)
                                  2.94   data arrival time

                          0.00    0.00   clock clk_sys (rise edge)
                          0.00    0.00   clock source latency
     2    0.17    0.00    0.00    0.00 ^ clk_i (in)
                                         clk_i (net)
                  0.03    0.01    0.01 ^ wire15193/A (sky130_fd_sc_hd__buf_16)
     1    0.19    0.21    0.20    0.22 ^ wire15193/X (sky130_fd_sc_hd__buf_16)
                                         net15192 (net)
                  0.21    0.02    0.24 ^ clkbuf_0_clk_i/A (sky130_fd_sc_hd__clkbuf_16)
     3    0.15    0.16    0.27    0.51 ^ clkbuf_0_clk_i/X (sky130_fd_sc_hd__clkbuf_16)
                                         clknet_0_clk_i (net)
                  0.16    0.01    0.52 ^ clkbuf_1_1_0_clk_i/A (sky130_fd_sc_hd__clkbuf_16)
     2    0.13    0.14    0.24    0.76 ^ clkbuf_1_1_0_clk_i/X (sky130_fd_sc_hd__clkbuf_16)
                                         clknet_1_1_0_clk_i (net)
                  0.14    0.01    0.77 ^ clkbuf_2_3_0_clk_i/A (sky130_fd_sc_hd__clkbuf_16)
     2    0.12    0.13    0.23    1.00 ^ clkbuf_2_3_0_clk_i/X (sky130_fd_sc_hd__clkbuf_16)
                                         clknet_2_3_0_clk_i (net)
                  0.13    0.01    1.00 ^ clkbuf_3_7_0_clk_i/A (sky130_fd_sc_hd__clkbuf_16)
     2    0.11    0.13    0.22    1.23 ^ clkbuf_3_7_0_clk_i/X (sky130_fd_sc_hd__clkbuf_16)
                                         clknet_3_7_0_clk_i (net)
                  0.13    0.01    1.23 ^ clkbuf_4_15_0_clk_i/A (sky130_fd_sc_hd__clkbuf_16)
     4    0.14    0.15    0.24    1.48 ^ clkbuf_4_15_0_clk_i/X (sky130_fd_sc_hd__clkbuf_16)
                                         clknet_4_15_0_clk_i (net)
                  0.15    0.00    1.48 ^ clkbuf_6_62_0_clk_i/A (sky130_fd_sc_hd__clkbuf_16)
     8    0.15    0.16    0.25    1.74 ^ clkbuf_6_62_0_clk_i/X (sky130_fd_sc_hd__clkbuf_16)
                                         clknet_6_62_0_clk_i (net)
                  0.16    0.00    1.74 ^ clkbuf_9_501__f_clk_i/A (sky130_fd_sc_hd__clkbuf_16)
     4    0.07    0.09    0.20    1.94 ^ clkbuf_9_501__f_clk_i/X (sky130_fd_sc_hd__clkbuf_16)
                                         clknet_9_501__leaf_clk_i (net)
                  0.09    0.00    1.94 ^ clkbuf_leaf_2196_clk_i/A (sky130_fd_sc_hd__clkbuf_16)
     8    0.03    0.05    0.15    2.09 ^ clkbuf_leaf_2196_clk_i/X (sky130_fd_sc_hd__clkbuf_16)
                                         clknet_leaf_2196_clk_i (net)
                  0.05    0.00    2.10 ^ i_croc.i_clint.mtime_q[27]$_DFFE_PN0P_/CLK (sky130_fd_sc_hd__dfrtp_1)
                          0.25    2.35   clock uncertainty
                          0.00    2.35   clock reconvergence pessimism
                          0.46    2.80   library removal time
                                  2.80   data required time
-----------------------------------------------------------------------------
                                  2.80   data required time
                                 -2.94   data arrival time
-----------------------------------------------------------------------------
                                  0.14   slack (MET)


Startpoint: i_croc.i_dmi_jtag.i_dmi_cdc.i_cdc_resp.i_dst.i_sync.reg_q[0]$_DFF_PN0_
            (rising edge-triggered flip-flop clocked by clk_jtg)
Endpoint: i_croc.i_dmi_jtag.i_dmi_cdc.i_cdc_resp.i_dst.i_sync.reg_q[1]$_DFF_PN0_
          (rising edge-triggered flip-flop clocked by clk_jtg)
Path Group: clk_jtg
Path Type: min

Fanout     Cap    Slew   Delay    Time   Description
-----------------------------------------------------------------------------
                          0.00    0.00   clock clk_jtg (rise edge)
                          0.00    0.00   clock source latency
     4    0.11    0.00    0.00    0.00 ^ jtag_tck_i (in)
                                         jtag_tck_i (net)
                  0.01    0.01    0.01 ^ clkbuf_regs_0_clk_jtg/A (sky130_fd_sc_hd__clkbuf_16)
     1    0.01    0.03    0.10    0.11 ^ clkbuf_regs_0_clk_jtg/X (sky130_fd_sc_hd__clkbuf_16)
                                         jtag_tck_i_regs (net)
                  0.03    0.00    0.11 ^ clkbuf_0_jtag_tck_i_regs/A (sky130_fd_sc_hd__clkbuf_16)
     4    0.12    0.13    0.19    0.30 ^ clkbuf_0_jtag_tck_i_regs/X (sky130_fd_sc_hd__clkbuf_16)
                                         clknet_0_jtag_tck_i_regs (net)
                  0.13    0.01    0.31 ^ clkbuf_2_2__f_jtag_tck_i_regs/A (sky130_fd_sc_hd__clkbuf_16)
     9    0.14    0.16    0.24    0.55 ^ clkbuf_2_2__f_jtag_tck_i_regs/X (sky130_fd_sc_hd__clkbuf_16)
                                         clknet_2_2__leaf_jtag_tck_i_regs (net)
                  0.16    0.01    0.56 ^ clkbuf_leaf_15_jtag_tck_i_regs/A (sky130_fd_sc_hd__clkbuf_16)
     5    0.03    0.05    0.17    0.73 ^ clkbuf_leaf_15_jtag_tck_i_regs/X (sky130_fd_sc_hd__clkbuf_16)
                                         clknet_leaf_15_jtag_tck_i_regs (net)
                  0.05    0.00    0.73 ^ i_croc.i_dmi_jtag.i_dmi_cdc.i_cdc_resp.i_dst.i_sync.reg_q[0]$_DFF_PN0_/CLK (sky130_fd_sc_hd__dfrtp_1)
     1    0.00    0.04    0.31    1.05 ^ i_croc.i_dmi_jtag.i_dmi_cdc.i_cdc_resp.i_dst.i_sync.reg_q[0]$_DFF_PN0_/Q (sky130_fd_sc_hd__dfrtp_1)
                                         i_croc.i_dmi_jtag.i_dmi_cdc.i_cdc_resp.i_dst.i_sync.reg_q[0] (net)
                  0.04    0.00    1.05 ^ i_croc.i_dmi_jtag.i_dmi_cdc.i_cdc_resp.i_dst.i_sync.reg_q[1]$_DFF_PN0_/D (sky130_fd_sc_hd__dfrtp_1)
                                  1.05   data arrival time

                          0.00    0.00   clock clk_jtg (rise edge)
                          0.00    0.00   clock source latency
     4    0.11    0.00    0.00    0.00 ^ jtag_tck_i (in)
                                         jtag_tck_i (net)
                  0.01    0.01    0.01 ^ clkbuf_regs_0_clk_jtg/A (sky130_fd_sc_hd__clkbuf_16)
     1    0.01    0.03    0.10    0.11 ^ clkbuf_regs_0_clk_jtg/X (sky130_fd_sc_hd__clkbuf_16)
                                         jtag_tck_i_regs (net)
                  0.03    0.00    0.11 ^ clkbuf_0_jtag_tck_i_regs/A (sky130_fd_sc_hd__clkbuf_16)
     4    0.12    0.13    0.19    0.30 ^ clkbuf_0_jtag_tck_i_regs/X (sky130_fd_sc_hd__clkbuf_16)
                                         clknet_0_jtag_tck_i_regs (net)
                  0.13    0.01    0.31 ^ clkbuf_2_2__f_jtag_tck_i_regs/A (sky130_fd_sc_hd__clkbuf_16)
     9    0.14    0.16    0.24    0.55 ^ clkbuf_2_2__f_jtag_tck_i_regs/X (sky130_fd_sc_hd__clkbuf_16)
                                         clknet_2_2__leaf_jtag_tck_i_regs (net)
                  0.16    0.01    0.56 ^ clkbuf_leaf_15_jtag_tck_i_regs/A (sky130_fd_sc_hd__clkbuf_16)
     5    0.03    0.05    0.17    0.73 ^ clkbuf_leaf_15_jtag_tck_i_regs/X (sky130_fd_sc_hd__clkbuf_16)
                                         clknet_leaf_15_jtag_tck_i_regs (net)
                  0.05    0.00    0.73 ^ i_croc.i_dmi_jtag.i_dmi_cdc.i_cdc_resp.i_dst.i_sync.reg_q[1]$_DFF_PN0_/CLK (sky130_fd_sc_hd__dfrtp_1)
                          0.25    0.98   clock uncertainty
                          0.00    0.98   clock reconvergence pessimism
                         -0.03    0.95   library hold time
                                  0.95   data required time
-----------------------------------------------------------------------------
                                  0.95   data required time
                                 -1.05   data arrival time
-----------------------------------------------------------------------------
                                  0.10   slack (MET)


Startpoint: i_croc.i_gpio.gen_gpios[5].i_sync.reg_q[0]$_DFF_PN0_
            (rising edge-triggered flip-flop clocked by clk_sys)
Endpoint: i_croc.i_gpio.gen_gpios[5].i_sync.reg_q[1]$_DFF_PN0_
          (rising edge-triggered flip-flop clocked by clk_sys)
Path Group: clk_sys
Path Type: min

Fanout     Cap    Slew   Delay    Time   Description
-----------------------------------------------------------------------------
                          0.00    0.00   clock clk_sys (rise edge)
                          0.00    0.00   clock source latency
     2    0.17    0.00    0.00    0.00 ^ clk_i (in)
                                         clk_i (net)
                  0.03    0.01    0.01 ^ wire15193/A (sky130_fd_sc_hd__buf_16)
     1    0.19    0.21    0.20    0.22 ^ wire15193/X (sky130_fd_sc_hd__buf_16)
                                         net15192 (net)
                  0.21    0.02    0.24 ^ clkbuf_0_clk_i/A (sky130_fd_sc_hd__clkbuf_16)
     3    0.15    0.16    0.27    0.51 ^ clkbuf_0_clk_i/X (sky130_fd_sc_hd__clkbuf_16)
                                         clknet_0_clk_i (net)
                  0.16    0.01    0.52 ^ clkbuf_1_1_0_clk_i/A (sky130_fd_sc_hd__clkbuf_16)
     2    0.13    0.14    0.24    0.76 ^ clkbuf_1_1_0_clk_i/X (sky130_fd_sc_hd__clkbuf_16)
                                         clknet_1_1_0_clk_i (net)
                  0.14    0.01    0.77 ^ clkbuf_2_3_0_clk_i/A (sky130_fd_sc_hd__clkbuf_16)
     2    0.12    0.13    0.23    1.00 ^ clkbuf_2_3_0_clk_i/X (sky130_fd_sc_hd__clkbuf_16)
                                         clknet_2_3_0_clk_i (net)
                  0.13    0.01    1.00 ^ clkbuf_3_7_0_clk_i/A (sky130_fd_sc_hd__clkbuf_16)
     2    0.11    0.13    0.22    1.23 ^ clkbuf_3_7_0_clk_i/X (sky130_fd_sc_hd__clkbuf_16)
                                         clknet_3_7_0_clk_i (net)
                  0.13    0.01    1.23 ^ clkbuf_4_14_0_clk_i/A (sky130_fd_sc_hd__clkbuf_16)
     4    0.15    0.16    0.25    1.48 ^ clkbuf_4_14_0_clk_i/X (sky130_fd_sc_hd__clkbuf_16)
                                         clknet_4_14_0_clk_i (net)
                  0.16    0.00    1.49 ^ clkbuf_6_59_0_clk_i/A (sky130_fd_sc_hd__clkbuf_16)
     8    0.15    0.17    0.26    1.75 ^ clkbuf_6_59_0_clk_i/X (sky130_fd_sc_hd__clkbuf_16)
                                         clknet_6_59_0_clk_i (net)
                  0.17    0.00    1.75 ^ clkbuf_9_477__f_clk_i/A (sky130_fd_sc_hd__clkbuf_16)
     6    0.08    0.09    0.21    1.96 ^ clkbuf_9_477__f_clk_i/X (sky130_fd_sc_hd__clkbuf_16)
                                         clknet_9_477__leaf_clk_i (net)
                  0.09    0.00    1.96 ^ clkbuf_leaf_2520_clk_i/A (sky130_fd_sc_hd__clkbuf_16)
    11    0.03    0.05    0.15    2.12 ^ clkbuf_leaf_2520_clk_i/X (sky130_fd_sc_hd__clkbuf_16)
                                         clknet_leaf_2520_clk_i (net)
                  0.05    0.00    2.12 ^ i_croc.i_gpio.gen_gpios[5].i_sync.reg_q[0]$_DFF_PN0_/CLK (sky130_fd_sc_hd__dfrtp_1)
     1    0.00    0.04    0.31    2.43 ^ i_croc.i_gpio.gen_gpios[5].i_sync.reg_q[0]$_DFF_PN0_/Q (sky130_fd_sc_hd__dfrtp_1)
                                         i_croc.i_gpio.gen_gpios[5].i_sync.reg_q[0] (net)
                  0.04    0.00    2.43 ^ i_croc.i_gpio.gen_gpios[5].i_sync.reg_q[1]$_DFF_PN0_/D (sky130_fd_sc_hd__dfrtp_1)
                                  2.43   data arrival time

                          0.00    0.00   clock clk_sys (rise edge)
                          0.00    0.00   clock source latency
     2    0.17    0.00    0.00    0.00 ^ clk_i (in)
                                         clk_i (net)
                  0.03    0.01    0.01 ^ wire15193/A (sky130_fd_sc_hd__buf_16)
     1    0.19    0.21    0.20    0.22 ^ wire15193/X (sky130_fd_sc_hd__buf_16)
                                         net15192 (net)
                  0.21    0.02    0.24 ^ clkbuf_0_clk_i/A (sky130_fd_sc_hd__clkbuf_16)
     3    0.15    0.16    0.27    0.51 ^ clkbuf_0_clk_i/X (sky130_fd_sc_hd__clkbuf_16)
                                         clknet_0_clk_i (net)
                  0.16    0.01    0.52 ^ clkbuf_1_1_0_clk_i/A (sky130_fd_sc_hd__clkbuf_16)
     2    0.13    0.14    0.24    0.76 ^ clkbuf_1_1_0_clk_i/X (sky130_fd_sc_hd__clkbuf_16)
                                         clknet_1_1_0_clk_i (net)
                  0.14    0.01    0.77 ^ clkbuf_2_3_0_clk_i/A (sky130_fd_sc_hd__clkbuf_16)
     2    0.12    0.13    0.23    1.00 ^ clkbuf_2_3_0_clk_i/X (sky130_fd_sc_hd__clkbuf_16)
                                         clknet_2_3_0_clk_i (net)
                  0.13    0.01    1.00 ^ clkbuf_3_7_0_clk_i/A (sky130_fd_sc_hd__clkbuf_16)
     2    0.11    0.13    0.22    1.23 ^ clkbuf_3_7_0_clk_i/X (sky130_fd_sc_hd__clkbuf_16)
                                         clknet_3_7_0_clk_i (net)
                  0.13    0.01    1.23 ^ clkbuf_4_14_0_clk_i/A (sky130_fd_sc_hd__clkbuf_16)
     4    0.15    0.16    0.25    1.48 ^ clkbuf_4_14_0_clk_i/X (sky130_fd_sc_hd__clkbuf_16)
                                         clknet_4_14_0_clk_i (net)
                  0.16    0.00    1.49 ^ clkbuf_6_59_0_clk_i/A (sky130_fd_sc_hd__clkbuf_16)
     8    0.15    0.17    0.26    1.75 ^ clkbuf_6_59_0_clk_i/X (sky130_fd_sc_hd__clkbuf_16)
                                         clknet_6_59_0_clk_i (net)
                  0.17    0.00    1.75 ^ clkbuf_9_477__f_clk_i/A (sky130_fd_sc_hd__clkbuf_16)
     6    0.08    0.09    0.21    1.96 ^ clkbuf_9_477__f_clk_i/X (sky130_fd_sc_hd__clkbuf_16)
                                         clknet_9_477__leaf_clk_i (net)
                  0.09    0.00    1.96 ^ clkbuf_leaf_2520_clk_i/A (sky130_fd_sc_hd__clkbuf_16)
    11    0.03    0.05    0.15    2.12 ^ clkbuf_leaf_2520_clk_i/X (sky130_fd_sc_hd__clkbuf_16)
                                         clknet_leaf_2520_clk_i (net)
                  0.05    0.00    2.12 ^ i_croc.i_gpio.gen_gpios[5].i_sync.reg_q[1]$_DFF_PN0_/CLK (sky130_fd_sc_hd__dfrtp_1)
                          0.25    2.37   clock uncertainty
                          0.00    2.37   clock reconvergence pessimism
                         -0.03    2.34   library hold time
                                  2.34   data required time
-----------------------------------------------------------------------------
                                  2.34   data required time
                                 -2.43   data arrival time
-----------------------------------------------------------------------------
                                  0.10   slack (MET)



==========================================================================
finish report_checks -path_delay max
--------------------------------------------------------------------------
Startpoint: jtag_trst_ni (input port clocked by clk_jtg)
Endpoint: i_croc.i_dmi_jtag.i_dmi_jtag_tap.td_o$_DFF_PN0_
          (recovery check against rising-edge clock clk_jtg')
Path Group: asynchronous
Path Type: max

Fanout     Cap    Slew   Delay    Time   Description
-----------------------------------------------------------------------------
                          0.00    0.00   clock clk_jtg (rise edge)
                          0.00    0.00   clock network delay (propagated)
                         30.00   30.00 ^ input external delay
     1    0.00    0.00    0.00   30.00 ^ jtag_trst_ni (in)
                                         jtag_trst_ni (net)
                  0.00    0.00   30.00 ^ input21/A (sky130_fd_sc_hd__buf_2)
     1    0.01    0.05    0.10   30.10 ^ input21/X (sky130_fd_sc_hd__buf_2)
                                         net20 (net)
                  0.05    0.00   30.10 ^ place15160/A (sky130_fd_sc_hd__buf_4)
    41    0.25    0.67    0.43   30.53 ^ place15160/X (sky130_fd_sc_hd__buf_4)
                                         net15159 (net)
                  0.67    0.02   30.55 ^ i_croc.i_dmi_jtag.i_dmi_jtag_tap.td_o$_DFF_PN0_/RESET_B (sky130_fd_sc_hd__dfrtp_1)
                                 30.55   data arrival time

                         50.00   50.00   clock clk_jtg' (rise edge)
                          0.00   50.00   clock source latency
     4    0.11    0.00    0.00   50.00 v jtag_tck_i (in)
                                         jtag_tck_i (net)
                  0.01    0.01   50.01 v clkbuf_regs_0_clk_jtg/A (sky130_fd_sc_hd__clkbuf_16)
     1    0.01    0.03    0.12   50.13 v clkbuf_regs_0_clk_jtg/X (sky130_fd_sc_hd__clkbuf_16)
                                         jtag_tck_i_regs (net)
                  0.03    0.00   50.13 v clkbuf_0_jtag_tck_i_regs/A (sky130_fd_sc_hd__clkbuf_16)
     4    0.11    0.09    0.19   50.32 v clkbuf_0_jtag_tck_i_regs/X (sky130_fd_sc_hd__clkbuf_16)
                                         clknet_0_jtag_tck_i_regs (net)
                  0.09    0.00   50.32 v clkbuf_2_1__f_jtag_tck_i_regs/A (sky130_fd_sc_hd__clkbuf_16)
     6    0.16    0.11    0.24   50.56 v clkbuf_2_1__f_jtag_tck_i_regs/X (sky130_fd_sc_hd__clkbuf_16)
                                         clknet_2_1__leaf_jtag_tck_i_regs (net)
                  0.11    0.01   50.57 v clkbuf_leaf_28_jtag_tck_i_regs/A (sky130_fd_sc_hd__clkbuf_16)
     2    0.02    0.04    0.18   50.75 v clkbuf_leaf_28_jtag_tck_i_regs/X (sky130_fd_sc_hd__clkbuf_16)
                                         clknet_leaf_28_jtag_tck_i_regs (net)
                  0.04    0.00   50.75 v i_croc.i_dmi_jtag.i_dmi_jtag_tap.i_tck_inv.i_inv_15192/A (sky130_fd_sc_hd__clkinv_1)
     1    0.00    0.02    0.04   50.78 ^ i_croc.i_dmi_jtag.i_dmi_jtag_tap.i_tck_inv.i_inv_15192/Y (sky130_fd_sc_hd__clkinv_1)
                                         net15191 (net)
                  0.02    0.00   50.78 ^ i_croc.i_dmi_jtag.i_dmi_jtag_tap.i_dft_tck_mux.i_mux/A0 (sky130_fd_sc_hd__mux2_1)
     1    0.00    0.04    0.11   50.89 ^ i_croc.i_dmi_jtag.i_dmi_jtag_tap.i_dft_tck_mux.i_mux/X (sky130_fd_sc_hd__mux2_1)
                                         i_croc.i_dmi_jtag.i_dmi_jtag_tap.i_dft_tck_mux.clk_o (net)
                  0.04    0.00   50.89 ^ i_croc.i_dmi_jtag.i_dmi_jtag_tap.td_o$_DFF_PN0_/CLK (sky130_fd_sc_hd__dfrtp_1)
                         -0.25   50.64   clock uncertainty
                          0.00   50.64   clock reconvergence pessimism
                          0.07   50.71   library recovery time
                                 50.71   data required time
-----------------------------------------------------------------------------
                                 50.71   data required time
                                -30.55   data arrival time
-----------------------------------------------------------------------------
                                 20.16   slack (MET)


Startpoint: i_croc.i_dmi_jtag.i_dmi_jtag_tap.td_o$_DFF_PN0_
            (rising edge-triggered flip-flop clocked by clk_jtg')
Endpoint: jtag_tdo_o (output port clocked by clk_jtg)
Path Group: clk_jtg
Path Type: max

Fanout     Cap    Slew   Delay    Time   Description
-----------------------------------------------------------------------------
                         50.00   50.00   clock clk_jtg' (rise edge)
                          0.00   50.00   clock source latency
     4    0.11    0.00    0.00   50.00 v jtag_tck_i (in)
                                         jtag_tck_i (net)
                  0.01    0.01   50.01 v clkbuf_regs_0_clk_jtg/A (sky130_fd_sc_hd__clkbuf_16)
     1    0.01    0.03    0.12   50.13 v clkbuf_regs_0_clk_jtg/X (sky130_fd_sc_hd__clkbuf_16)
                                         jtag_tck_i_regs (net)
                  0.03    0.00   50.13 v clkbuf_0_jtag_tck_i_regs/A (sky130_fd_sc_hd__clkbuf_16)
     4    0.11    0.09    0.19   50.32 v clkbuf_0_jtag_tck_i_regs/X (sky130_fd_sc_hd__clkbuf_16)
                                         clknet_0_jtag_tck_i_regs (net)
                  0.09    0.00   50.32 v clkbuf_2_1__f_jtag_tck_i_regs/A (sky130_fd_sc_hd__clkbuf_16)
     6    0.16    0.11    0.24   50.56 v clkbuf_2_1__f_jtag_tck_i_regs/X (sky130_fd_sc_hd__clkbuf_16)
                                         clknet_2_1__leaf_jtag_tck_i_regs (net)
                  0.11    0.01   50.57 v clkbuf_leaf_28_jtag_tck_i_regs/A (sky130_fd_sc_hd__clkbuf_16)
     2    0.02    0.04    0.18   50.75 v clkbuf_leaf_28_jtag_tck_i_regs/X (sky130_fd_sc_hd__clkbuf_16)
                                         clknet_leaf_28_jtag_tck_i_regs (net)
                  0.04    0.00   50.75 v i_croc.i_dmi_jtag.i_dmi_jtag_tap.i_tck_inv.i_inv_15192/A (sky130_fd_sc_hd__clkinv_1)
     1    0.00    0.02    0.04   50.78 ^ i_croc.i_dmi_jtag.i_dmi_jtag_tap.i_tck_inv.i_inv_15192/Y (sky130_fd_sc_hd__clkinv_1)
                                         net15191 (net)
                  0.02    0.00   50.78 ^ i_croc.i_dmi_jtag.i_dmi_jtag_tap.i_dft_tck_mux.i_mux/A0 (sky130_fd_sc_hd__mux2_1)
     1    0.00    0.04    0.11   50.89 ^ i_croc.i_dmi_jtag.i_dmi_jtag_tap.i_dft_tck_mux.i_mux/X (sky130_fd_sc_hd__mux2_1)
                                         i_croc.i_dmi_jtag.i_dmi_jtag_tap.i_dft_tck_mux.clk_o (net)
                  0.04    0.00   50.89 ^ i_croc.i_dmi_jtag.i_dmi_jtag_tap.td_o$_DFF_PN0_/CLK (sky130_fd_sc_hd__dfrtp_1)
     1    0.00    0.05    0.32   51.21 ^ i_croc.i_dmi_jtag.i_dmi_jtag_tap.td_o$_DFF_PN0_/Q (sky130_fd_sc_hd__dfrtp_1)
                                         net56 (net)
                  0.05    0.00   51.21 ^ output57/A (sky130_fd_sc_hd__clkdlybuf4s50_1)
     1    0.00    0.03    0.45   51.66 ^ output57/X (sky130_fd_sc_hd__clkdlybuf4s50_1)
                                         jtag_tdo_o (net)
                  0.03    0.00   51.66 ^ jtag_tdo_o (out)
                                 51.66   data arrival time

                        100.00  100.00   clock clk_jtg (rise edge)
                          0.00  100.00   clock network delay (propagated)
                         -0.25   99.75   clock uncertainty
                          0.00   99.75   clock reconvergence pessimism
                        -20.00   79.75   output external delay
                                 79.75   data required time
-----------------------------------------------------------------------------
                                 79.75   data required time
                                -51.66   data arrival time
-----------------------------------------------------------------------------
                                 28.09   slack (MET)


Startpoint: i_croc.i_core_wrap.i_core.if_stage_i.instr_rdata_id_o[15]$_DFFE_PN0P_
            (rising edge-triggered flip-flop clocked by clk_sys)
Endpoint: i_croc.gen_sram_bank[0].i_sram.rdata_o[31]$_DFFE_PP_
          (rising edge-triggered flip-flop clocked by clk_sys)
Path Group: clk_sys
Path Type: max

Fanout     Cap    Slew   Delay    Time   Description
-----------------------------------------------------------------------------
                          0.00    0.00   clock clk_sys (rise edge)
                          0.00    0.00   clock source latency
     2    0.17    0.00    0.00    0.00 ^ clk_i (in)
                                         clk_i (net)
                  0.03    0.01    0.01 ^ wire15193/A (sky130_fd_sc_hd__buf_16)
     1    0.19    0.21    0.20    0.22 ^ wire15193/X (sky130_fd_sc_hd__buf_16)
                                         net15192 (net)
                  0.21    0.02    0.24 ^ clkbuf_0_clk_i/A (sky130_fd_sc_hd__clkbuf_16)
     3    0.15    0.16    0.27    0.51 ^ clkbuf_0_clk_i/X (sky130_fd_sc_hd__clkbuf_16)
                                         clknet_0_clk_i (net)
                  0.16    0.01    0.52 ^ clkbuf_1_1_0_clk_i/A (sky130_fd_sc_hd__clkbuf_16)
     2    0.13    0.14    0.24    0.76 ^ clkbuf_1_1_0_clk_i/X (sky130_fd_sc_hd__clkbuf_16)
                                         clknet_1_1_0_clk_i (net)
                  0.14    0.01    0.77 ^ clkbuf_2_2_0_clk_i/A (sky130_fd_sc_hd__clkbuf_16)
     2    0.11    0.13    0.23    1.00 ^ clkbuf_2_2_0_clk_i/X (sky130_fd_sc_hd__clkbuf_16)
                                         clknet_2_2_0_clk_i (net)
                  0.13    0.01    1.01 ^ clkbuf_3_5_0_clk_i/A (sky130_fd_sc_hd__clkbuf_16)
     2    0.11    0.12    0.22    1.22 ^ clkbuf_3_5_0_clk_i/X (sky130_fd_sc_hd__clkbuf_16)
                                         clknet_3_5_0_clk_i (net)
                  0.12    0.00    1.23 ^ clkbuf_4_11_0_clk_i/A (sky130_fd_sc_hd__clkbuf_16)
     4    0.15    0.16    0.25    1.48 ^ clkbuf_4_11_0_clk_i/X (sky130_fd_sc_hd__clkbuf_16)
                                         clknet_4_11_0_clk_i (net)
                  0.16    0.01    1.48 ^ clkbuf_6_45_0_clk_i/A (sky130_fd_sc_hd__clkbuf_16)
     8    0.14    0.16    0.26    1.74 ^ clkbuf_6_45_0_clk_i/X (sky130_fd_sc_hd__clkbuf_16)
                                         clknet_6_45_0_clk_i (net)
                  0.16    0.00    1.74 ^ clkbuf_9_366__f_clk_i/A (sky130_fd_sc_hd__clkbuf_16)
     6    0.11    0.12    0.23    1.97 ^ clkbuf_9_366__f_clk_i/X (sky130_fd_sc_hd__clkbuf_16)
                                         clknet_9_366__leaf_clk_i (net)
                  0.12    0.00    1.97 ^ clkbuf_leaf_2611_clk_i/A (sky130_fd_sc_hd__clkbuf_16)
    11    0.04    0.06    0.17    2.14 ^ clkbuf_leaf_2611_clk_i/X (sky130_fd_sc_hd__clkbuf_16)
                                         clknet_leaf_2611_clk_i (net)
                  0.06    0.00    2.14 ^ i_croc.i_core_wrap.i_core.if_stage_i.instr_rdata_id_o[15]$_DFFE_PN0P_/CLK (sky130_fd_sc_hd__dfrtp_1)
     5    0.02    0.17    0.42    2.56 ^ i_croc.i_core_wrap.i_core.if_stage_i.instr_rdata_id_o[15]$_DFFE_PN0P_/Q (sky130_fd_sc_hd__dfrtp_1)
                                         i_croc.i_core_wrap.i_core.id_stage_i.controller_i.instr_i[15] (net)
                  0.17    0.00    2.56 ^ place15074/A (sky130_fd_sc_hd__buf_4)
    38    0.31    0.85    0.66    3.22 ^ place15074/X (sky130_fd_sc_hd__buf_4)
                                         net15073 (net)
                  0.87    0.10    3.32 ^ place15071/A (sky130_fd_sc_hd__buf_4)
    44    0.33    0.90    0.78    4.10 ^ place15071/X (sky130_fd_sc_hd__buf_4)
                                         net15070 (net)
                  0.90    0.03    4.12 ^ place15070/A (sky130_fd_sc_hd__buf_4)
    45    0.33    0.89    0.85    4.97 ^ place15070/X (sky130_fd_sc_hd__buf_4)
                                         net15069 (net)
                  0.89    0.02    4.99 ^ place15069/A (sky130_fd_sc_hd__buf_4)
    41    0.28    0.77    0.73    5.72 ^ place15069/X (sky130_fd_sc_hd__buf_4)
                                         net15068 (net)
                  0.77    0.05    5.77 ^ _108266_/S0 (sky130_fd_sc_hd__mux4_2)
     1    0.01    0.09    0.60    6.37 v _108266_/X (sky130_fd_sc_hd__mux4_2)
                                         _055674_ (net)
                  0.09    0.00    6.37 v _108272_/A0 (sky130_fd_sc_hd__mux4_2)
     1    0.01    0.09    0.49    6.86 v _108272_/X (sky130_fd_sc_hd__mux4_2)
                                         _055680_ (net)
                  0.09    0.00    6.86 v _108273_/A1 (sky130_fd_sc_hd__mux2i_1)
     1    0.07    1.41    1.10    7.96 ^ _108273_/Y (sky130_fd_sc_hd__mux2i_1)
                                         _055681_ (net)
                  1.41    0.00    7.96 ^ place14117/A (sky130_fd_sc_hd__buf_4)
     1    0.00    0.06    0.26    8.22 ^ place14117/X (sky130_fd_sc_hd__buf_4)
                                         net14116 (net)
                  0.06    0.00    8.22 ^ _108274_/B1 (sky130_fd_sc_hd__a22o_1)
     6    0.03    0.30    0.30    8.52 ^ _108274_/X (sky130_fd_sc_hd__a22o_1)
                                         _000258_ (net)
                  0.30    0.00    8.52 ^ _108275_/A (sky130_fd_sc_hd__inv_1)
     2    0.02    0.13    0.17    8.70 v _108275_/Y (sky130_fd_sc_hd__inv_1)
                                         i_croc.i_core_wrap.i_core.alu_operand_a_ex[18] (net)
                  0.13    0.00    8.70 v _210018_/B (sky130_fd_sc_hd__ha_1)
    10    0.06    0.53    0.65    9.35 ^ _210018_/SUM (sky130_fd_sc_hd__ha_1)
                                         _000592_ (net)
                  0.53    0.01    9.36 ^ _106230_/B (sky130_fd_sc_hd__nand2_1)
     2    0.01    0.11    0.14    9.50 v _106230_/Y (sky130_fd_sc_hd__nand2_1)
                                         _053804_ (net)
                  0.11    0.00    9.50 v _106232_/A1 (sky130_fd_sc_hd__o21ai_0)
     2    0.02    0.50    0.45    9.95 ^ _106232_/Y (sky130_fd_sc_hd__o21ai_0)
                                         _053806_ (net)
                  0.50    0.00    9.95 ^ _106243_/A2 (sky130_fd_sc_hd__a21o_1)
     4    0.02    0.18    0.29   10.24 ^ _106243_/X (sky130_fd_sc_hd__a21o_1)
                                         _053817_ (net)
                  0.18    0.00   10.24 ^ _106247_/A_N (sky130_fd_sc_hd__nand2b_1)
     4    0.02    0.23    0.25   10.50 ^ _106247_/Y (sky130_fd_sc_hd__nand2b_1)
                                         _053821_ (net)
                  0.23    0.00   10.50 ^ _106345_/A2 (sky130_fd_sc_hd__a31oi_1)
     2    0.01    0.17    0.19   10.69 v _106345_/Y (sky130_fd_sc_hd__a31oi_1)
                                         _053919_ (net)
                  0.17    0.00   10.69 v _106346_/B (sky130_fd_sc_hd__xnor2_1)
     4    0.02    0.18    0.26   10.95 v _106346_/Y (sky130_fd_sc_hd__xnor2_1)
                                         _053920_ (net)
                  0.18    0.00   10.95 v _106349_/A2 (sky130_fd_sc_hd__a2111oi_2)
     3    0.01    0.50    0.58   11.54 ^ _106349_/Y (sky130_fd_sc_hd__a2111oi_2)
                                         _053923_ (net)
                  0.50    0.00   11.54 ^ _106351_/A (sky130_fd_sc_hd__nor2_1)
     2    0.01    0.15    0.18   11.72 v _106351_/Y (sky130_fd_sc_hd__nor2_1)
                                         _053925_ (net)
                  0.15    0.00   11.72 v _106361_/B (sky130_fd_sc_hd__nor4_2)
     2    0.01    0.40    0.44   12.16 ^ _106361_/Y (sky130_fd_sc_hd__nor4_2)
                                         _053935_ (net)
                  0.40    0.00   12.16 ^ _106445_/A1 (sky130_fd_sc_hd__o2111ai_2)
     8    0.05    0.45    0.43   12.59 v _106445_/Y (sky130_fd_sc_hd__o2111ai_2)
                                         _054019_ (net)
                  0.45    0.01   12.59 v _106648_/B (sky130_fd_sc_hd__or3_4)
     4    0.02    0.08    0.55   13.14 v _106648_/X (sky130_fd_sc_hd__or3_4)
                                         _054219_ (net)
                  0.08    0.00   13.14 v _106875_/A2 (sky130_fd_sc_hd__a211oi_2)
     6    0.07    1.13    0.95   14.09 ^ _106875_/Y (sky130_fd_sc_hd__a211oi_2)
                                         _054445_ (net)
                  1.13    0.01   14.10 ^ _106882_/B (sky130_fd_sc_hd__nand2_1)
     2    0.01    0.19    0.20   14.30 v _106882_/Y (sky130_fd_sc_hd__nand2_1)
                                         _054452_ (net)
                  0.19    0.00   14.30 v place13469/A (sky130_fd_sc_hd__buf_4)
    21    0.15    0.19    0.32   14.62 v place13469/X (sky130_fd_sc_hd__buf_4)
                                         net13468 (net)
                  0.19    0.00   14.62 v _111785_/B1 (sky130_fd_sc_hd__a211oi_1)
     5    0.02    0.76    0.69   15.31 ^ _111785_/Y (sky130_fd_sc_hd__a211oi_1)
                                         _058659_ (net)
                  0.76    0.00   15.32 ^ _111786_/B (sky130_fd_sc_hd__nand2_1)
     4    0.02    0.27    0.29   15.60 v _111786_/Y (sky130_fd_sc_hd__nand2_1)
                                         _058660_ (net)
                  0.27    0.00   15.60 v _111863_/A2 (sky130_fd_sc_hd__o21ai_0)
     3    0.01    0.44    0.46   16.06 ^ _111863_/Y (sky130_fd_sc_hd__o21ai_0)
                                         _058737_ (net)
                  0.44    0.00   16.07 ^ place12827/A (sky130_fd_sc_hd__buf_4)
    24    0.20    0.55    0.53   16.59 ^ place12827/X (sky130_fd_sc_hd__buf_4)
                                         net12826 (net)
                  0.55    0.01   16.61 ^ place12805/A (sky130_fd_sc_hd__buf_4)
    34    0.22    0.59    0.59   17.19 ^ place12805/X (sky130_fd_sc_hd__buf_4)
                                         net12804 (net)
                  0.59    0.05   17.24 ^ place12796/A (sky130_fd_sc_hd__buf_4)
    36    0.22    0.59    0.60   17.84 ^ place12796/X (sky130_fd_sc_hd__buf_4)
                                         net12795 (net)
                  0.59    0.03   17.87 ^ place12795/A (sky130_fd_sc_hd__buf_4)
    30    0.17    0.46    0.50   18.38 ^ place12795/X (sky130_fd_sc_hd__buf_4)
                                         net12794 (net)
                  0.47    0.04   18.42 ^ place12794/A (sky130_fd_sc_hd__buf_4)
    44    0.26    0.72    0.64   19.06 ^ place12794/X (sky130_fd_sc_hd__buf_4)
                                         net12793 (net)
                  0.73    0.07   19.13 ^ place12793/A (sky130_fd_sc_hd__buf_4)
    33    0.21    0.56    0.59   19.73 ^ place12793/X (sky130_fd_sc_hd__buf_4)
                                         net12792 (net)
                  0.56    0.01   19.74 ^ place12792/A (sky130_fd_sc_hd__buf_4)
    45    0.27    0.74    0.69   20.42 ^ place12792/X (sky130_fd_sc_hd__buf_4)
                                         net12791 (net)
                  0.75    0.05   20.47 ^ _206031_/A (sky130_fd_sc_hd__nand3_1)
     1    0.00    0.15    0.13   20.61 v _206031_/Y (sky130_fd_sc_hd__nand3_1)
                                         _050542_ (net)
                  0.15    0.00   20.61 v _206032_/C (sky130_fd_sc_hd__nand3_1)
     1    0.00    0.11    0.13   20.74 ^ _206032_/Y (sky130_fd_sc_hd__nand3_1)
                                         _050543_ (net)
                  0.11    0.00   20.74 ^ _206033_/B1 (sky130_fd_sc_hd__o21ai_0)
     1    0.00    0.13    0.11   20.85 v _206033_/Y (sky130_fd_sc_hd__o21ai_0)
                                         _050544_ (net)
                  0.13    0.00   20.85 v _206064_/A2 (sky130_fd_sc_hd__a221o_1)
     1    0.01    0.08    0.40   21.25 v _206064_/X (sky130_fd_sc_hd__a221o_1)
                                         _050575_ (net)
                  0.08    0.00   21.25 v _206103_/B1 (sky130_fd_sc_hd__a2111oi_2)
     1    0.06    1.46    1.24   22.50 ^ _206103_/Y (sky130_fd_sc_hd__a2111oi_2)
                                         _050614_ (net)
                  1.46    0.01   22.50 ^ _206281_/A (sky130_fd_sc_hd__nand4_1)
     1    0.04    0.74    0.82   23.32 v _206281_/Y (sky130_fd_sc_hd__nand4_1)
                                         _050792_ (net)
                  0.74    0.01   23.33 v _206888_/A (sky130_fd_sc_hd__or4_1)
     1    0.00    0.09    0.74   24.06 v _206888_/X (sky130_fd_sc_hd__or4_1)
                                         _000024_ (net)
                  0.09    0.00   24.06 v i_croc.gen_sram_bank[0].i_sram.rdata_o[31]$_DFFE_PP_/D (sky130_fd_sc_hd__edfxtp_1)
                                 24.06   data arrival time

                         40.00   40.00   clock clk_sys (rise edge)
                          0.00   40.00   clock source latency
     2    0.17    0.00    0.00   40.00 ^ clk_i (in)
                                         clk_i (net)
                  0.03    0.01   40.01 ^ wire15193/A (sky130_fd_sc_hd__buf_16)
     1    0.19    0.21    0.20   40.22 ^ wire15193/X (sky130_fd_sc_hd__buf_16)
                                         net15192 (net)
                  0.21    0.02   40.24 ^ clkbuf_0_clk_i/A (sky130_fd_sc_hd__clkbuf_16)
     3    0.15    0.16    0.27   40.51 ^ clkbuf_0_clk_i/X (sky130_fd_sc_hd__clkbuf_16)
                                         clknet_0_clk_i (net)
                  0.16    0.01   40.52 ^ clkbuf_1_0_0_clk_i/A (sky130_fd_sc_hd__clkbuf_16)
     2    0.11    0.12    0.23   40.75 ^ clkbuf_1_0_0_clk_i/X (sky130_fd_sc_hd__clkbuf_16)
                                         clknet_1_0_0_clk_i (net)
                  0.12    0.01   40.76 ^ clkbuf_2_1_0_clk_i/A (sky130_fd_sc_hd__clkbuf_16)
     2    0.11    0.12    0.22   40.98 ^ clkbuf_2_1_0_clk_i/X (sky130_fd_sc_hd__clkbuf_16)
                                         clknet_2_1_0_clk_i (net)
                  0.12    0.01   40.98 ^ clkbuf_3_3_0_clk_i/A (sky130_fd_sc_hd__clkbuf_16)
     2    0.10    0.12    0.21   41.20 ^ clkbuf_3_3_0_clk_i/X (sky130_fd_sc_hd__clkbuf_16)
                                         clknet_3_3_0_clk_i (net)
                  0.12    0.01   41.20 ^ clkbuf_4_6_0_clk_i/A (sky130_fd_sc_hd__clkbuf_16)
     4    0.15    0.16    0.25   41.45 ^ clkbuf_4_6_0_clk_i/X (sky130_fd_sc_hd__clkbuf_16)
                                         clknet_4_6_0_clk_i (net)
                  0.16    0.00   41.45 ^ clkbuf_6_27_0_clk_i/A (sky130_fd_sc_hd__clkbuf_16)
     8    0.16    0.17    0.27   41.72 ^ clkbuf_6_27_0_clk_i/X (sky130_fd_sc_hd__clkbuf_16)
                                         clknet_6_27_0_clk_i (net)
                  0.17    0.00   41.72 ^ clkbuf_9_221__f_clk_i/A (sky130_fd_sc_hd__clkbuf_16)
    11    0.15    0.16    0.26   41.98 ^ clkbuf_9_221__f_clk_i/X (sky130_fd_sc_hd__clkbuf_16)
                                         clknet_9_221__leaf_clk_i (net)
                  0.16    0.00   41.99 ^ clkbuf_leaf_1911_clk_i/A (sky130_fd_sc_hd__clkbuf_16)
    10    0.04    0.06    0.18   42.16 ^ clkbuf_leaf_1911_clk_i/X (sky130_fd_sc_hd__clkbuf_16)
                                         clknet_leaf_1911_clk_i (net)
                  0.06    0.00   42.17 ^ i_croc.gen_sram_bank[0].i_sram.rdata_o[31]$_DFFE_PP_/CLK (sky130_fd_sc_hd__edfxtp_1)
                         -0.25   41.92   clock uncertainty
                          0.00   41.92   clock reconvergence pessimism
                         -0.26   41.65   library setup time
                                 41.65   data required time
-----------------------------------------------------------------------------
                                 41.65   data required time
                                -24.06   data arrival time
-----------------------------------------------------------------------------
                                 17.59   slack (MET)



==========================================================================
finish report_checks -unconstrained
--------------------------------------------------------------------------
Startpoint: jtag_trst_ni (input port clocked by clk_jtg)
Endpoint: i_croc.i_dmi_jtag.i_dmi_jtag_tap.td_o$_DFF_PN0_
          (recovery check against rising-edge clock clk_jtg')
Path Group: asynchronous
Path Type: max

Fanout     Cap    Slew   Delay    Time   Description
-----------------------------------------------------------------------------
                          0.00    0.00   clock clk_jtg (rise edge)
                          0.00    0.00   clock network delay (propagated)
                         30.00   30.00 ^ input external delay
     1    0.00    0.00    0.00   30.00 ^ jtag_trst_ni (in)
                                         jtag_trst_ni (net)
                  0.00    0.00   30.00 ^ input21/A (sky130_fd_sc_hd__buf_2)
     1    0.01    0.05    0.10   30.10 ^ input21/X (sky130_fd_sc_hd__buf_2)
                                         net20 (net)
                  0.05    0.00   30.10 ^ place15160/A (sky130_fd_sc_hd__buf_4)
    41    0.25    0.67    0.43   30.53 ^ place15160/X (sky130_fd_sc_hd__buf_4)
                                         net15159 (net)
                  0.67    0.02   30.55 ^ i_croc.i_dmi_jtag.i_dmi_jtag_tap.td_o$_DFF_PN0_/RESET_B (sky130_fd_sc_hd__dfrtp_1)
                                 30.55   data arrival time

                         50.00   50.00   clock clk_jtg' (rise edge)
                          0.00   50.00   clock source latency
     4    0.11    0.00    0.00   50.00 v jtag_tck_i (in)
                                         jtag_tck_i (net)
                  0.01    0.01   50.01 v clkbuf_regs_0_clk_jtg/A (sky130_fd_sc_hd__clkbuf_16)
     1    0.01    0.03    0.12   50.13 v clkbuf_regs_0_clk_jtg/X (sky130_fd_sc_hd__clkbuf_16)
                                         jtag_tck_i_regs (net)
                  0.03    0.00   50.13 v clkbuf_0_jtag_tck_i_regs/A (sky130_fd_sc_hd__clkbuf_16)
     4    0.11    0.09    0.19   50.32 v clkbuf_0_jtag_tck_i_regs/X (sky130_fd_sc_hd__clkbuf_16)
                                         clknet_0_jtag_tck_i_regs (net)
                  0.09    0.00   50.32 v clkbuf_2_1__f_jtag_tck_i_regs/A (sky130_fd_sc_hd__clkbuf_16)
     6    0.16    0.11    0.24   50.56 v clkbuf_2_1__f_jtag_tck_i_regs/X (sky130_fd_sc_hd__clkbuf_16)
                                         clknet_2_1__leaf_jtag_tck_i_regs (net)
                  0.11    0.01   50.57 v clkbuf_leaf_28_jtag_tck_i_regs/A (sky130_fd_sc_hd__clkbuf_16)
     2    0.02    0.04    0.18   50.75 v clkbuf_leaf_28_jtag_tck_i_regs/X (sky130_fd_sc_hd__clkbuf_16)
                                         clknet_leaf_28_jtag_tck_i_regs (net)
                  0.04    0.00   50.75 v i_croc.i_dmi_jtag.i_dmi_jtag_tap.i_tck_inv.i_inv_15192/A (sky130_fd_sc_hd__clkinv_1)
     1    0.00    0.02    0.04   50.78 ^ i_croc.i_dmi_jtag.i_dmi_jtag_tap.i_tck_inv.i_inv_15192/Y (sky130_fd_sc_hd__clkinv_1)
                                         net15191 (net)
                  0.02    0.00   50.78 ^ i_croc.i_dmi_jtag.i_dmi_jtag_tap.i_dft_tck_mux.i_mux/A0 (sky130_fd_sc_hd__mux2_1)
     1    0.00    0.04    0.11   50.89 ^ i_croc.i_dmi_jtag.i_dmi_jtag_tap.i_dft_tck_mux.i_mux/X (sky130_fd_sc_hd__mux2_1)
                                         i_croc.i_dmi_jtag.i_dmi_jtag_tap.i_dft_tck_mux.clk_o (net)
                  0.04    0.00   50.89 ^ i_croc.i_dmi_jtag.i_dmi_jtag_tap.td_o$_DFF_PN0_/CLK (sky130_fd_sc_hd__dfrtp_1)
                         -0.25   50.64   clock uncertainty
                          0.00   50.64   clock reconvergence pessimism
                          0.07   50.71   library recovery time
                                 50.71   data required time
-----------------------------------------------------------------------------
                                 50.71   data required time
                                -30.55   data arrival time
-----------------------------------------------------------------------------
                                 20.16   slack (MET)


Startpoint: i_croc.i_dmi_jtag.i_dmi_jtag_tap.td_o$_DFF_PN0_
            (rising edge-triggered flip-flop clocked by clk_jtg')
Endpoint: jtag_tdo_o (output port clocked by clk_jtg)
Path Group: clk_jtg
Path Type: max

Fanout     Cap    Slew   Delay    Time   Description
-----------------------------------------------------------------------------
                         50.00   50.00   clock clk_jtg' (rise edge)
                          0.00   50.00   clock source latency
     4    0.11    0.00    0.00   50.00 v jtag_tck_i (in)
                                         jtag_tck_i (net)
                  0.01    0.01   50.01 v clkbuf_regs_0_clk_jtg/A (sky130_fd_sc_hd__clkbuf_16)
     1    0.01    0.03    0.12   50.13 v clkbuf_regs_0_clk_jtg/X (sky130_fd_sc_hd__clkbuf_16)
                                         jtag_tck_i_regs (net)
                  0.03    0.00   50.13 v clkbuf_0_jtag_tck_i_regs/A (sky130_fd_sc_hd__clkbuf_16)
     4    0.11    0.09    0.19   50.32 v clkbuf_0_jtag_tck_i_regs/X (sky130_fd_sc_hd__clkbuf_16)
                                         clknet_0_jtag_tck_i_regs (net)
                  0.09    0.00   50.32 v clkbuf_2_1__f_jtag_tck_i_regs/A (sky130_fd_sc_hd__clkbuf_16)
     6    0.16    0.11    0.24   50.56 v clkbuf_2_1__f_jtag_tck_i_regs/X (sky130_fd_sc_hd__clkbuf_16)
                                         clknet_2_1__leaf_jtag_tck_i_regs (net)
                  0.11    0.01   50.57 v clkbuf_leaf_28_jtag_tck_i_regs/A (sky130_fd_sc_hd__clkbuf_16)
     2    0.02    0.04    0.18   50.75 v clkbuf_leaf_28_jtag_tck_i_regs/X (sky130_fd_sc_hd__clkbuf_16)
                                         clknet_leaf_28_jtag_tck_i_regs (net)
                  0.04    0.00   50.75 v i_croc.i_dmi_jtag.i_dmi_jtag_tap.i_tck_inv.i_inv_15192/A (sky130_fd_sc_hd__clkinv_1)
     1    0.00    0.02    0.04   50.78 ^ i_croc.i_dmi_jtag.i_dmi_jtag_tap.i_tck_inv.i_inv_15192/Y (sky130_fd_sc_hd__clkinv_1)
                                         net15191 (net)
                  0.02    0.00   50.78 ^ i_croc.i_dmi_jtag.i_dmi_jtag_tap.i_dft_tck_mux.i_mux/A0 (sky130_fd_sc_hd__mux2_1)
     1    0.00    0.04    0.11   50.89 ^ i_croc.i_dmi_jtag.i_dmi_jtag_tap.i_dft_tck_mux.i_mux/X (sky130_fd_sc_hd__mux2_1)
                                         i_croc.i_dmi_jtag.i_dmi_jtag_tap.i_dft_tck_mux.clk_o (net)
                  0.04    0.00   50.89 ^ i_croc.i_dmi_jtag.i_dmi_jtag_tap.td_o$_DFF_PN0_/CLK (sky130_fd_sc_hd__dfrtp_1)
     1    0.00    0.05    0.32   51.21 ^ i_croc.i_dmi_jtag.i_dmi_jtag_tap.td_o$_DFF_PN0_/Q (sky130_fd_sc_hd__dfrtp_1)
                                         net56 (net)
                  0.05    0.00   51.21 ^ output57/A (sky130_fd_sc_hd__clkdlybuf4s50_1)
     1    0.00    0.03    0.45   51.66 ^ output57/X (sky130_fd_sc_hd__clkdlybuf4s50_1)
                                         jtag_tdo_o (net)
                  0.03    0.00   51.66 ^ jtag_tdo_o (out)
                                 51.66   data arrival time

                        100.00  100.00   clock clk_jtg (rise edge)
                          0.00  100.00   clock network delay (propagated)
                         -0.25   99.75   clock uncertainty
                          0.00   99.75   clock reconvergence pessimism
                        -20.00   79.75   output external delay
                                 79.75   data required time
-----------------------------------------------------------------------------
                                 79.75   data required time
                                -51.66   data arrival time
-----------------------------------------------------------------------------
                                 28.09   slack (MET)


Startpoint: i_croc.i_core_wrap.i_core.if_stage_i.instr_rdata_id_o[15]$_DFFE_PN0P_
            (rising edge-triggered flip-flop clocked by clk_sys)
Endpoint: i_croc.gen_sram_bank[0].i_sram.rdata_o[31]$_DFFE_PP_
          (rising edge-triggered flip-flop clocked by clk_sys)
Path Group: clk_sys
Path Type: max

Fanout     Cap    Slew   Delay    Time   Description
-----------------------------------------------------------------------------
                          0.00    0.00   clock clk_sys (rise edge)
                          0.00    0.00   clock source latency
     2    0.17    0.00    0.00    0.00 ^ clk_i (in)
                                         clk_i (net)
                  0.03    0.01    0.01 ^ wire15193/A (sky130_fd_sc_hd__buf_16)
     1    0.19    0.21    0.20    0.22 ^ wire15193/X (sky130_fd_sc_hd__buf_16)
                                         net15192 (net)
                  0.21    0.02    0.24 ^ clkbuf_0_clk_i/A (sky130_fd_sc_hd__clkbuf_16)
     3    0.15    0.16    0.27    0.51 ^ clkbuf_0_clk_i/X (sky130_fd_sc_hd__clkbuf_16)
                                         clknet_0_clk_i (net)
                  0.16    0.01    0.52 ^ clkbuf_1_1_0_clk_i/A (sky130_fd_sc_hd__clkbuf_16)
     2    0.13    0.14    0.24    0.76 ^ clkbuf_1_1_0_clk_i/X (sky130_fd_sc_hd__clkbuf_16)
                                         clknet_1_1_0_clk_i (net)
                  0.14    0.01    0.77 ^ clkbuf_2_2_0_clk_i/A (sky130_fd_sc_hd__clkbuf_16)
     2    0.11    0.13    0.23    1.00 ^ clkbuf_2_2_0_clk_i/X (sky130_fd_sc_hd__clkbuf_16)
                                         clknet_2_2_0_clk_i (net)
                  0.13    0.01    1.01 ^ clkbuf_3_5_0_clk_i/A (sky130_fd_sc_hd__clkbuf_16)
     2    0.11    0.12    0.22    1.22 ^ clkbuf_3_5_0_clk_i/X (sky130_fd_sc_hd__clkbuf_16)
                                         clknet_3_5_0_clk_i (net)
                  0.12    0.00    1.23 ^ clkbuf_4_11_0_clk_i/A (sky130_fd_sc_hd__clkbuf_16)
     4    0.15    0.16    0.25    1.48 ^ clkbuf_4_11_0_clk_i/X (sky130_fd_sc_hd__clkbuf_16)
                                         clknet_4_11_0_clk_i (net)
                  0.16    0.01    1.48 ^ clkbuf_6_45_0_clk_i/A (sky130_fd_sc_hd__clkbuf_16)
     8    0.14    0.16    0.26    1.74 ^ clkbuf_6_45_0_clk_i/X (sky130_fd_sc_hd__clkbuf_16)
                                         clknet_6_45_0_clk_i (net)
                  0.16    0.00    1.74 ^ clkbuf_9_366__f_clk_i/A (sky130_fd_sc_hd__clkbuf_16)
     6    0.11    0.12    0.23    1.97 ^ clkbuf_9_366__f_clk_i/X (sky130_fd_sc_hd__clkbuf_16)
                                         clknet_9_366__leaf_clk_i (net)
                  0.12    0.00    1.97 ^ clkbuf_leaf_2611_clk_i/A (sky130_fd_sc_hd__clkbuf_16)
    11    0.04    0.06    0.17    2.14 ^ clkbuf_leaf_2611_clk_i/X (sky130_fd_sc_hd__clkbuf_16)
                                         clknet_leaf_2611_clk_i (net)
                  0.06    0.00    2.14 ^ i_croc.i_core_wrap.i_core.if_stage_i.instr_rdata_id_o[15]$_DFFE_PN0P_/CLK (sky130_fd_sc_hd__dfrtp_1)
     5    0.02    0.17    0.42    2.56 ^ i_croc.i_core_wrap.i_core.if_stage_i.instr_rdata_id_o[15]$_DFFE_PN0P_/Q (sky130_fd_sc_hd__dfrtp_1)
                                         i_croc.i_core_wrap.i_core.id_stage_i.controller_i.instr_i[15] (net)
                  0.17    0.00    2.56 ^ place15074/A (sky130_fd_sc_hd__buf_4)
    38    0.31    0.85    0.66    3.22 ^ place15074/X (sky130_fd_sc_hd__buf_4)
                                         net15073 (net)
                  0.87    0.10    3.32 ^ place15071/A (sky130_fd_sc_hd__buf_4)
    44    0.33    0.90    0.78    4.10 ^ place15071/X (sky130_fd_sc_hd__buf_4)
                                         net15070 (net)
                  0.90    0.03    4.12 ^ place15070/A (sky130_fd_sc_hd__buf_4)
    45    0.33    0.89    0.85    4.97 ^ place15070/X (sky130_fd_sc_hd__buf_4)
                                         net15069 (net)
                  0.89    0.02    4.99 ^ place15069/A (sky130_fd_sc_hd__buf_4)
    41    0.28    0.77    0.73    5.72 ^ place15069/X (sky130_fd_sc_hd__buf_4)
                                         net15068 (net)
                  0.77    0.05    5.77 ^ _108266_/S0 (sky130_fd_sc_hd__mux4_2)
     1    0.01    0.09    0.60    6.37 v _108266_/X (sky130_fd_sc_hd__mux4_2)
                                         _055674_ (net)
                  0.09    0.00    6.37 v _108272_/A0 (sky130_fd_sc_hd__mux4_2)
     1    0.01    0.09    0.49    6.86 v _108272_/X (sky130_fd_sc_hd__mux4_2)
                                         _055680_ (net)
                  0.09    0.00    6.86 v _108273_/A1 (sky130_fd_sc_hd__mux2i_1)
     1    0.07    1.41    1.10    7.96 ^ _108273_/Y (sky130_fd_sc_hd__mux2i_1)
                                         _055681_ (net)
                  1.41    0.00    7.96 ^ place14117/A (sky130_fd_sc_hd__buf_4)
     1    0.00    0.06    0.26    8.22 ^ place14117/X (sky130_fd_sc_hd__buf_4)
                                         net14116 (net)
                  0.06    0.00    8.22 ^ _108274_/B1 (sky130_fd_sc_hd__a22o_1)
     6    0.03    0.30    0.30    8.52 ^ _108274_/X (sky130_fd_sc_hd__a22o_1)
                                         _000258_ (net)
                  0.30    0.00    8.52 ^ _108275_/A (sky130_fd_sc_hd__inv_1)
     2    0.02    0.13    0.17    8.70 v _108275_/Y (sky130_fd_sc_hd__inv_1)
                                         i_croc.i_core_wrap.i_core.alu_operand_a_ex[18] (net)
                  0.13    0.00    8.70 v _210018_/B (sky130_fd_sc_hd__ha_1)
    10    0.06    0.53    0.65    9.35 ^ _210018_/SUM (sky130_fd_sc_hd__ha_1)
                                         _000592_ (net)
                  0.53    0.01    9.36 ^ _106230_/B (sky130_fd_sc_hd__nand2_1)
     2    0.01    0.11    0.14    9.50 v _106230_/Y (sky130_fd_sc_hd__nand2_1)
                                         _053804_ (net)
                  0.11    0.00    9.50 v _106232_/A1 (sky130_fd_sc_hd__o21ai_0)
     2    0.02    0.50    0.45    9.95 ^ _106232_/Y (sky130_fd_sc_hd__o21ai_0)
                                         _053806_ (net)
                  0.50    0.00    9.95 ^ _106243_/A2 (sky130_fd_sc_hd__a21o_1)
     4    0.02    0.18    0.29   10.24 ^ _106243_/X (sky130_fd_sc_hd__a21o_1)
                                         _053817_ (net)
                  0.18    0.00   10.24 ^ _106247_/A_N (sky130_fd_sc_hd__nand2b_1)
     4    0.02    0.23    0.25   10.50 ^ _106247_/Y (sky130_fd_sc_hd__nand2b_1)
                                         _053821_ (net)
                  0.23    0.00   10.50 ^ _106345_/A2 (sky130_fd_sc_hd__a31oi_1)
     2    0.01    0.17    0.19   10.69 v _106345_/Y (sky130_fd_sc_hd__a31oi_1)
                                         _053919_ (net)
                  0.17    0.00   10.69 v _106346_/B (sky130_fd_sc_hd__xnor2_1)
     4    0.02    0.18    0.26   10.95 v _106346_/Y (sky130_fd_sc_hd__xnor2_1)
                                         _053920_ (net)
                  0.18    0.00   10.95 v _106349_/A2 (sky130_fd_sc_hd__a2111oi_2)
     3    0.01    0.50    0.58   11.54 ^ _106349_/Y (sky130_fd_sc_hd__a2111oi_2)
                                         _053923_ (net)
                  0.50    0.00   11.54 ^ _106351_/A (sky130_fd_sc_hd__nor2_1)
     2    0.01    0.15    0.18   11.72 v _106351_/Y (sky130_fd_sc_hd__nor2_1)
                                         _053925_ (net)
                  0.15    0.00   11.72 v _106361_/B (sky130_fd_sc_hd__nor4_2)
     2    0.01    0.40    0.44   12.16 ^ _106361_/Y (sky130_fd_sc_hd__nor4_2)
                                         _053935_ (net)
                  0.40    0.00   12.16 ^ _106445_/A1 (sky130_fd_sc_hd__o2111ai_2)
     8    0.05    0.45    0.43   12.59 v _106445_/Y (sky130_fd_sc_hd__o2111ai_2)
                                         _054019_ (net)
                  0.45    0.01   12.59 v _106648_/B (sky130_fd_sc_hd__or3_4)
     4    0.02    0.08    0.55   13.14 v _106648_/X (sky130_fd_sc_hd__or3_4)
                                         _054219_ (net)
                  0.08    0.00   13.14 v _106875_/A2 (sky130_fd_sc_hd__a211oi_2)
     6    0.07    1.13    0.95   14.09 ^ _106875_/Y (sky130_fd_sc_hd__a211oi_2)
                                         _054445_ (net)
                  1.13    0.01   14.10 ^ _106882_/B (sky130_fd_sc_hd__nand2_1)
     2    0.01    0.19    0.20   14.30 v _106882_/Y (sky130_fd_sc_hd__nand2_1)
                                         _054452_ (net)
                  0.19    0.00   14.30 v place13469/A (sky130_fd_sc_hd__buf_4)
    21    0.15    0.19    0.32   14.62 v place13469/X (sky130_fd_sc_hd__buf_4)
                                         net13468 (net)
                  0.19    0.00   14.62 v _111785_/B1 (sky130_fd_sc_hd__a211oi_1)
     5    0.02    0.76    0.69   15.31 ^ _111785_/Y (sky130_fd_sc_hd__a211oi_1)
                                         _058659_ (net)
                  0.76    0.00   15.32 ^ _111786_/B (sky130_fd_sc_hd__nand2_1)
     4    0.02    0.27    0.29   15.60 v _111786_/Y (sky130_fd_sc_hd__nand2_1)
                                         _058660_ (net)
                  0.27    0.00   15.60 v _111863_/A2 (sky130_fd_sc_hd__o21ai_0)
     3    0.01    0.44    0.46   16.06 ^ _111863_/Y (sky130_fd_sc_hd__o21ai_0)
                                         _058737_ (net)
                  0.44    0.00   16.07 ^ place12827/A (sky130_fd_sc_hd__buf_4)
    24    0.20    0.55    0.53   16.59 ^ place12827/X (sky130_fd_sc_hd__buf_4)
                                         net12826 (net)
                  0.55    0.01   16.61 ^ place12805/A (sky130_fd_sc_hd__buf_4)
    34    0.22    0.59    0.59   17.19 ^ place12805/X (sky130_fd_sc_hd__buf_4)
                                         net12804 (net)
                  0.59    0.05   17.24 ^ place12796/A (sky130_fd_sc_hd__buf_4)
    36    0.22    0.59    0.60   17.84 ^ place12796/X (sky130_fd_sc_hd__buf_4)
                                         net12795 (net)
                  0.59    0.03   17.87 ^ place12795/A (sky130_fd_sc_hd__buf_4)
    30    0.17    0.46    0.50   18.38 ^ place12795/X (sky130_fd_sc_hd__buf_4)
                                         net12794 (net)
                  0.47    0.04   18.42 ^ place12794/A (sky130_fd_sc_hd__buf_4)
    44    0.26    0.72    0.64   19.06 ^ place12794/X (sky130_fd_sc_hd__buf_4)
                                         net12793 (net)
                  0.73    0.07   19.13 ^ place12793/A (sky130_fd_sc_hd__buf_4)
    33    0.21    0.56    0.59   19.73 ^ place12793/X (sky130_fd_sc_hd__buf_4)
                                         net12792 (net)
                  0.56    0.01   19.74 ^ place12792/A (sky130_fd_sc_hd__buf_4)
    45    0.27    0.74    0.69   20.42 ^ place12792/X (sky130_fd_sc_hd__buf_4)
                                         net12791 (net)
                  0.75    0.05   20.47 ^ _206031_/A (sky130_fd_sc_hd__nand3_1)
     1    0.00    0.15    0.13   20.61 v _206031_/Y (sky130_fd_sc_hd__nand3_1)
                                         _050542_ (net)
                  0.15    0.00   20.61 v _206032_/C (sky130_fd_sc_hd__nand3_1)
     1    0.00    0.11    0.13   20.74 ^ _206032_/Y (sky130_fd_sc_hd__nand3_1)
                                         _050543_ (net)
                  0.11    0.00   20.74 ^ _206033_/B1 (sky130_fd_sc_hd__o21ai_0)
     1    0.00    0.13    0.11   20.85 v _206033_/Y (sky130_fd_sc_hd__o21ai_0)
                                         _050544_ (net)
                  0.13    0.00   20.85 v _206064_/A2 (sky130_fd_sc_hd__a221o_1)
     1    0.01    0.08    0.40   21.25 v _206064_/X (sky130_fd_sc_hd__a221o_1)
                                         _050575_ (net)
                  0.08    0.00   21.25 v _206103_/B1 (sky130_fd_sc_hd__a2111oi_2)
     1    0.06    1.46    1.24   22.50 ^ _206103_/Y (sky130_fd_sc_hd__a2111oi_2)
                                         _050614_ (net)
                  1.46    0.01   22.50 ^ _206281_/A (sky130_fd_sc_hd__nand4_1)
     1    0.04    0.74    0.82   23.32 v _206281_/Y (sky130_fd_sc_hd__nand4_1)
                                         _050792_ (net)
                  0.74    0.01   23.33 v _206888_/A (sky130_fd_sc_hd__or4_1)
     1    0.00    0.09    0.74   24.06 v _206888_/X (sky130_fd_sc_hd__or4_1)
                                         _000024_ (net)
                  0.09    0.00   24.06 v i_croc.gen_sram_bank[0].i_sram.rdata_o[31]$_DFFE_PP_/D (sky130_fd_sc_hd__edfxtp_1)
                                 24.06   data arrival time

                         40.00   40.00   clock clk_sys (rise edge)
                          0.00   40.00   clock source latency
     2    0.17    0.00    0.00   40.00 ^ clk_i (in)
                                         clk_i (net)
                  0.03    0.01   40.01 ^ wire15193/A (sky130_fd_sc_hd__buf_16)
     1    0.19    0.21    0.20   40.22 ^ wire15193/X (sky130_fd_sc_hd__buf_16)
                                         net15192 (net)
                  0.21    0.02   40.24 ^ clkbuf_0_clk_i/A (sky130_fd_sc_hd__clkbuf_16)
     3    0.15    0.16    0.27   40.51 ^ clkbuf_0_clk_i/X (sky130_fd_sc_hd__clkbuf_16)
                                         clknet_0_clk_i (net)
                  0.16    0.01   40.52 ^ clkbuf_1_0_0_clk_i/A (sky130_fd_sc_hd__clkbuf_16)
     2    0.11    0.12    0.23   40.75 ^ clkbuf_1_0_0_clk_i/X (sky130_fd_sc_hd__clkbuf_16)
                                         clknet_1_0_0_clk_i (net)
                  0.12    0.01   40.76 ^ clkbuf_2_1_0_clk_i/A (sky130_fd_sc_hd__clkbuf_16)
     2    0.11    0.12    0.22   40.98 ^ clkbuf_2_1_0_clk_i/X (sky130_fd_sc_hd__clkbuf_16)
                                         clknet_2_1_0_clk_i (net)
                  0.12    0.01   40.98 ^ clkbuf_3_3_0_clk_i/A (sky130_fd_sc_hd__clkbuf_16)
     2    0.10    0.12    0.21   41.20 ^ clkbuf_3_3_0_clk_i/X (sky130_fd_sc_hd__clkbuf_16)
                                         clknet_3_3_0_clk_i (net)
                  0.12    0.01   41.20 ^ clkbuf_4_6_0_clk_i/A (sky130_fd_sc_hd__clkbuf_16)
     4    0.15    0.16    0.25   41.45 ^ clkbuf_4_6_0_clk_i/X (sky130_fd_sc_hd__clkbuf_16)
                                         clknet_4_6_0_clk_i (net)
                  0.16    0.00   41.45 ^ clkbuf_6_27_0_clk_i/A (sky130_fd_sc_hd__clkbuf_16)
     8    0.16    0.17    0.27   41.72 ^ clkbuf_6_27_0_clk_i/X (sky130_fd_sc_hd__clkbuf_16)
                                         clknet_6_27_0_clk_i (net)
                  0.17    0.00   41.72 ^ clkbuf_9_221__f_clk_i/A (sky130_fd_sc_hd__clkbuf_16)
    11    0.15    0.16    0.26   41.98 ^ clkbuf_9_221__f_clk_i/X (sky130_fd_sc_hd__clkbuf_16)
                                         clknet_9_221__leaf_clk_i (net)
                  0.16    0.00   41.99 ^ clkbuf_leaf_1911_clk_i/A (sky130_fd_sc_hd__clkbuf_16)
    10    0.04    0.06    0.18   42.16 ^ clkbuf_leaf_1911_clk_i/X (sky130_fd_sc_hd__clkbuf_16)
                                         clknet_leaf_1911_clk_i (net)
                  0.06    0.00   42.17 ^ i_croc.gen_sram_bank[0].i_sram.rdata_o[31]$_DFFE_PP_/CLK (sky130_fd_sc_hd__edfxtp_1)
                         -0.25   41.92   clock uncertainty
                          0.00   41.92   clock reconvergence pessimism
                         -0.26   41.65   library setup time
                                 41.65   data required time
-----------------------------------------------------------------------------
                                 41.65   data required time
                                -24.06   data arrival time
-----------------------------------------------------------------------------
                                 17.59   slack (MET)



==========================================================================
finish report_check_types -max_slew -max_cap -max_fanout -violators
--------------------------------------------------------------------------
max slew

Pin                                    Limit    Slew   Slack
------------------------------------------------------------
_118875_/A                              1.50    1.78   -0.28 (VIOLATED)
_120115_/A1                             1.50    1.78   -0.28 (VIOLATED)
_120151_/A1                             1.50    1.78   -0.28 (VIOLATED)
ANTENNA_1047/DIODE                      1.50    1.78   -0.28 (VIOLATED)
_116885_/A2                             1.50    1.78   -0.28 (VIOLATED)
ANTENNA_1433/DIODE                      1.50    1.78   -0.28 (VIOLATED)
place10196/A                            1.50    1.78   -0.28 (VIOLATED)
_116735_/Y                              1.50    1.77   -0.27 (VIOLATED)
_116747_/A                              1.50    1.77   -0.27 (VIOLATED)
place10195/A                            1.50    1.77   -0.27 (VIOLATED)
ANTENNA_1432/DIODE                      1.50    1.77   -0.27 (VIOLATED)
_116973_/A1                             1.50    1.77   -0.27 (VIOLATED)
place10194/A                            1.50    1.77   -0.27 (VIOLATED)
ANTENNA_1431/DIODE                      1.50    1.77   -0.27 (VIOLATED)
ANTENNA_1050/DIODE                      1.50    1.76   -0.26 (VIOLATED)
_117010_/A1                             1.50    1.76   -0.26 (VIOLATED)
_125149_/A1                             1.50    1.75   -0.25 (VIOLATED)
ANTENNA_1051/DIODE                      1.50    1.75   -0.25 (VIOLATED)
place10533/A                            1.50    1.73   -0.23 (VIOLATED)
ANTENNA_1052/DIODE                      1.50    1.73   -0.23 (VIOLATED)
_116962_/Y                              1.50    1.72   -0.22 (VIOLATED)
_125399_/A2                             1.50    1.70   -0.20 (VIOLATED)
_125157_/Y                              1.50    1.70   -0.20 (VIOLATED)
ANTENNA_1437/DIODE                      1.50    1.63   -0.13 (VIOLATED)
ANTENNA_1078/DIODE                      1.50    1.63   -0.13 (VIOLATED)
_127929_/A                              1.50    1.63   -0.13 (VIOLATED)
ANTENNA_1079/DIODE                      1.50    1.63   -0.13 (VIOLATED)
ANTENNA_319/DIODE                       1.50    1.63   -0.13 (VIOLATED)
ANTENNA_321/DIODE                       1.50    1.63   -0.13 (VIOLATED)
ANTENNA_323/DIODE                       1.50    1.63   -0.13 (VIOLATED)
_124260_/A3                             1.50    1.63   -0.13 (VIOLATED)
ANTENNA_320/DIODE                       1.50    1.63   -0.13 (VIOLATED)
ANTENNA_322/DIODE                       1.50    1.63   -0.13 (VIOLATED)
ANTENNA_324/DIODE                       1.50    1.63   -0.13 (VIOLATED)
_127516_/Y                              1.50    1.63   -0.12 (VIOLATED)
_124149_/Y                              1.50    1.63   -0.12 (VIOLATED)
_142072_/Y                              1.49    1.60   -0.11 (VIOLATED)
_142088_/A3                             1.50    1.60   -0.10 (VIOLATED)
_117542_/Y                              1.48    1.58   -0.10 (VIOLATED)
_125035_/Y                              1.49    1.59   -0.09 (VIOLATED)
_131648_/Y                              1.49    1.58   -0.09 (VIOLATED)
ANTENNA_1071/DIODE                      1.50    1.59   -0.09 (VIOLATED)
_125092_/B                              1.50    1.59   -0.09 (VIOLATED)
ANTENNA_1072/DIODE                      1.50    1.59   -0.09 (VIOLATED)
_124557_/A1                             1.50    1.59   -0.09 (VIOLATED)
_123670_/A1                             1.50    1.59   -0.09 (VIOLATED)
_119671_/Y                              1.50    1.58   -0.08 (VIOLATED)
place10477/A                            1.50    1.58   -0.08 (VIOLATED)
_133868_/Y                              1.49    1.57   -0.08 (VIOLATED)
_131664_/A3                             1.50    1.58   -0.08 (VIOLATED)
place10476/A                            1.50    1.58   -0.08 (VIOLATED)
_142956_/A1                             1.50    1.58   -0.08 (VIOLATED)
_117629_/A                              1.50    1.58   -0.08 (VIOLATED)
_133928_/A2                             1.50    1.57   -0.07 (VIOLATED)
_123000_/Y                              1.46    1.53   -0.07 (VIOLATED)
place10753/A                            1.50    1.57   -0.07 (VIOLATED)
_118175_/B                              1.50    1.57   -0.07 (VIOLATED)
_205511_/A                              1.50    1.57   -0.07 (VIOLATED)
ANTENNA_1237/DIODE                      1.50    1.57   -0.07 (VIOLATED)
place9665/A                             1.50    1.56   -0.06 (VIOLATED)
ANTENNA_1472/DIODE                      1.50    1.56   -0.06 (VIOLATED)
_206942_/A                              1.50    1.56   -0.06 (VIOLATED)
_112566_/Y                              1.50    1.56   -0.06 (VIOLATED)
ANTENNA_1519/DIODE                      1.50    1.56   -0.06 (VIOLATED)
_121142_/A                              1.50    1.56   -0.06 (VIOLATED)
_118419_/A2                             1.50    1.56   -0.06 (VIOLATED)
_113475_/A1                             1.50    1.56   -0.06 (VIOLATED)
_206551_/A1                             1.50    1.56   -0.06 (VIOLATED)
_118458_/A                              1.50    1.56   -0.06 (VIOLATED)
_118460_/A1                             1.50    1.56   -0.06 (VIOLATED)
place13860/A                            1.50    1.56   -0.06 (VIOLATED)
_120063_/Y                              1.50    1.55   -0.06 (VIOLATED)
_114661_/Y                              1.49    1.54   -0.05 (VIOLATED)
_141240_/A1                             1.50    1.55   -0.05 (VIOLATED)
_143829_/A                              1.50    1.55   -0.05 (VIOLATED)
place10144/A                            1.50    1.55   -0.05 (VIOLATED)
_207276_/A                              1.50    1.55   -0.05 (VIOLATED)
_140422_/A2                             1.50    1.55   -0.05 (VIOLATED)
place9664/A                             1.50    1.55   -0.05 (VIOLATED)
_150148_/Y                              1.49    1.54   -0.05 (VIOLATED)
_130118_/Y                              1.50    1.55   -0.05 (VIOLATED)
_140421_/Y                              1.50    1.55   -0.05 (VIOLATED)
_136663_/B                              1.50    1.55   -0.05 (VIOLATED)
_136634_/B                              1.50    1.55   -0.05 (VIOLATED)
_138709_/A2                             1.50    1.55   -0.05 (VIOLATED)
place10456/A                            1.50    1.55   -0.05 (VIOLATED)
_114662_/D                              1.50    1.54   -0.04 (VIOLATED)
_150341_/B1                             1.50    1.54   -0.04 (VIOLATED)
_207353_/A                              1.50    1.54   -0.04 (VIOLATED)
_123001_/C                              1.50    1.53   -0.03 (VIOLATED)
_207025_/A                              1.50    1.52   -0.02 (VIOLATED)
_185264_/B                              1.50    1.52   -0.02 (VIOLATED)
_206944_/A                              1.50    1.52   -0.02 (VIOLATED)
_185263_/Y                              1.50    1.52   -0.01 (VIOLATED)
_206945_/A                              1.50    1.51   -0.01 (VIOLATED)
_119453_/Y                              1.48    1.49   -0.00 (VIOLATED)
place10198/A                            1.50    1.50   -0.00 (VIOLATED)
place10203/A                            1.50    1.50   -0.00 (VIOLATED)
ANTENNA_1044/DIODE                      1.50    1.50   -0.00 (VIOLATED)
ANTENNA_1523/DIODE                      1.50    1.50   -0.00 (VIOLATED)

max capacitance

Pin                                    Limit     Cap   Slack
------------------------------------------------------------
_116735_/Y                              0.25    0.30   -0.05 (VIOLATED)

_116962_/Y                              0.25    0.29   -0.04 (VIOLATED)

_125157_/Y                              0.14    0.16   -0.02 (VIOLATED)

_119671_/Y                              0.25    0.27   -0.02 (VIOLATED)

_112566_/Y                              0.25    0.26   -0.01 (VIOLATED)

_120063_/Y                              0.25    0.26   -0.01 (VIOLATED)

_124149_/Y                              0.07    0.08   -0.01 (VIOLATED)

_127516_/Y                              0.07    0.08   -0.01 (VIOLATED)

_142072_/Y                              0.08    0.09   -0.01 (VIOLATED)

_130118_/Y                              0.14    0.15   -0.01 (VIOLATED)

_131648_/Y                              0.08    0.09   -0.01 (VIOLATED)

_125035_/Y                              0.07    0.07   -0.01 (VIOLATED)

_133868_/Y                              0.07    0.07   -0.00 (VIOLATED)

_117542_/Y                              0.05    0.05   -0.00 (VIOLATED)

_140421_/Y                              0.07    0.08   -0.00 (VIOLATED)

_150148_/Y                              0.07    0.07   -0.00 (VIOLATED)

_114661_/Y                              0.05    0.05   -0.00 (VIOLATED)

_185263_/Y                              0.07    0.08   -0.00 (VIOLATED)

_123000_/Y                              0.02    0.02   -0.00 (VIOLATED)


==========================================================================
finish max_slew_check_slack
--------------------------------------------------------------------------
-0.28104186058044434

==========================================================================
finish max_slew_check_limit
--------------------------------------------------------------------------
1.5

==========================================================================
finish max_slew_check_slack_limit
--------------------------------------------------------------------------
-0.1874

==========================================================================
finish max_fanout_check_slack
--------------------------------------------------------------------------
1.0000000150474662e+30

==========================================================================
finish max_fanout_check_limit
--------------------------------------------------------------------------
1.0000000150474662e+30

==========================================================================
finish max_capacitance_check_slack
--------------------------------------------------------------------------
-0.04820750653743744

==========================================================================
finish max_capacitance_check_limit
--------------------------------------------------------------------------
0.2517800033092499

==========================================================================
finish max_capacitance_check_slack_limit
--------------------------------------------------------------------------
-0.1915

==========================================================================
finish max_slew_violation_count
--------------------------------------------------------------------------
max slew violation count 100

==========================================================================
finish max_fanout_violation_count
--------------------------------------------------------------------------
max fanout violation count 0

==========================================================================
finish max_cap_violation_count
--------------------------------------------------------------------------
max cap violation count 19

==========================================================================
finish setup_violation_count
--------------------------------------------------------------------------
setup violation count 0

==========================================================================
finish hold_violation_count
--------------------------------------------------------------------------
hold violation count 0

==========================================================================
finish report_checks -path_delay max reg to reg
--------------------------------------------------------------------------
Startpoint: i_rstgen.i_rstgen_bypass.synch_regs_q[3]$_DFF_PN0_
            (rising edge-triggered flip-flop clocked by clk_sys)
Endpoint: i_croc.i_core_wrap.i_core.if_stage_i.prefetch_buffer_i.fifo_i.rdata_q[12]$_DFFE_PN0P_
          (recovery check against rising-edge clock clk_sys)
Path Group: asynchronous
Path Type: max

  Delay    Time   Description
---------------------------------------------------------
   0.00    0.00   clock clk_sys (rise edge)
   0.00    0.00   clock source latency
   0.00    0.00 ^ clk_i (in)
   0.22    0.22 ^ wire15193/X (sky130_fd_sc_hd__buf_16)
   0.29    0.51 ^ clkbuf_0_clk_i/X (sky130_fd_sc_hd__clkbuf_16)
   0.25    0.76 ^ clkbuf_1_1_0_clk_i/X (sky130_fd_sc_hd__clkbuf_16)
   0.23    1.00 ^ clkbuf_2_3_0_clk_i/X (sky130_fd_sc_hd__clkbuf_16)
   0.23    1.23 ^ clkbuf_3_7_0_clk_i/X (sky130_fd_sc_hd__clkbuf_16)
   0.25    1.48 ^ clkbuf_4_15_0_clk_i/X (sky130_fd_sc_hd__clkbuf_16)
   0.26    1.74 ^ clkbuf_6_62_0_clk_i/X (sky130_fd_sc_hd__clkbuf_16)
   0.21    1.94 ^ clkbuf_9_501__f_clk_i/X (sky130_fd_sc_hd__clkbuf_16)
   0.16    2.11 ^ clkbuf_leaf_2214_clk_i/X (sky130_fd_sc_hd__clkbuf_16)
   0.00    2.11 ^ i_rstgen.i_rstgen_bypass.synch_regs_q[3]$_DFF_PN0_/CLK (sky130_fd_sc_hd__dfrtp_1)
   0.32    2.43 ^ i_rstgen.i_rstgen_bypass.synch_regs_q[3]$_DFF_PN0_/Q (sky130_fd_sc_hd__dfrtp_1)
   0.47    2.90 ^ i_rstgen.i_rstgen_bypass.i_tc_clk_mux2_rst_no.i_mux/X (sky130_fd_sc_hd__mux2_4)
   0.58    3.48 ^ place14343/X (sky130_fd_sc_hd__buf_4)
   0.84    4.32 ^ place14282/X (sky130_fd_sc_hd__buf_4)
   0.60    4.92 ^ place14281/X (sky130_fd_sc_hd__buf_4)
   0.73    5.64 ^ place14280/X (sky130_fd_sc_hd__buf_4)
   0.64    6.28 ^ place14279/X (sky130_fd_sc_hd__buf_4)
   0.71    7.00 ^ place14278/X (sky130_fd_sc_hd__buf_4)
   0.65    7.65 ^ place14277/X (sky130_fd_sc_hd__buf_4)
   0.66    8.31 ^ place14276/X (sky130_fd_sc_hd__buf_4)
   0.03    8.33 ^ i_croc.i_core_wrap.i_core.if_stage_i.prefetch_buffer_i.fifo_i.rdata_q[12]$_DFFE_PN0P_/RESET_B (sky130_fd_sc_hd__dfrtp_1)
           8.33   data arrival time

  40.00   40.00   clock clk_sys (rise edge)
   0.00   40.00   clock source latency
   0.00   40.00 ^ clk_i (in)
   0.22   40.22 ^ wire15193/X (sky130_fd_sc_hd__buf_16)
   0.29   40.51 ^ clkbuf_0_clk_i/X (sky130_fd_sc_hd__clkbuf_16)
   0.25   40.76 ^ clkbuf_1_1_0_clk_i/X (sky130_fd_sc_hd__clkbuf_16)
   0.23   41.00 ^ clkbuf_2_3_0_clk_i/X (sky130_fd_sc_hd__clkbuf_16)
   0.23   41.23 ^ clkbuf_3_7_0_clk_i/X (sky130_fd_sc_hd__clkbuf_16)
   0.25   41.48 ^ clkbuf_4_14_0_clk_i/X (sky130_fd_sc_hd__clkbuf_16)
   0.25   41.73 ^ clkbuf_6_56_0_clk_i/X (sky130_fd_sc_hd__clkbuf_16)
   0.21   41.95 ^ clkbuf_9_448__f_clk_i/X (sky130_fd_sc_hd__clkbuf_16)
   0.17   42.11 ^ clkbuf_leaf_2464_clk_i/X (sky130_fd_sc_hd__clkbuf_16)
   0.00   42.11 ^ i_croc.i_core_wrap.i_core.if_stage_i.prefetch_buffer_i.fifo_i.rdata_q[12]$_DFFE_PN0P_/CLK (sky130_fd_sc_hd__dfrtp_1)
  -0.25   41.86   clock uncertainty
   0.00   41.86   clock reconvergence pessimism
   0.09   41.95   library recovery time
          41.95   data required time
---------------------------------------------------------
          41.95   data required time
          -8.33   data arrival time
---------------------------------------------------------
          33.62   slack (MET)


Startpoint: i_croc.i_dmi_jtag.i_dmi_jtag_tap.jtag_ir_q[2]$_DFFE_PN0P_
            (rising edge-triggered flip-flop clocked by clk_jtg)
Endpoint: i_croc.i_dmi_jtag.i_dmi_jtag_tap.td_o$_DFF_PN0_
          (rising edge-triggered flip-flop clocked by clk_jtg')
Path Group: clk_jtg
Path Type: max

  Delay    Time   Description
---------------------------------------------------------
   0.00    0.00   clock clk_jtg (rise edge)
   0.00    0.00   clock source latency
   0.00    0.00 ^ jtag_tck_i (in)
   0.11    0.11 ^ clkbuf_regs_0_clk_jtg/X (sky130_fd_sc_hd__clkbuf_16)
   0.19    0.30 ^ clkbuf_0_jtag_tck_i_regs/X (sky130_fd_sc_hd__clkbuf_16)
   0.27    0.57 ^ clkbuf_2_1__f_jtag_tck_i_regs/X (sky130_fd_sc_hd__clkbuf_16)
   0.19    0.77 ^ clkbuf_leaf_21_jtag_tck_i_regs/X (sky130_fd_sc_hd__clkbuf_16)
   0.00    0.77 ^ i_croc.i_dmi_jtag.i_dmi_jtag_tap.jtag_ir_q[2]$_DFFE_PN0P_/CLK (sky130_fd_sc_hd__dfrtp_1)
   0.38    1.15 v i_croc.i_dmi_jtag.i_dmi_jtag_tap.jtag_ir_q[2]$_DFFE_PN0P_/Q (sky130_fd_sc_hd__dfrtp_1)
   0.94    2.09 ^ _105527_/Y (sky130_fd_sc_hd__nor3_1)
   0.26    2.35 v _209592_/Y (sky130_fd_sc_hd__o221ai_1)
   0.67    3.02 ^ _209594_/Y (sky130_fd_sc_hd__o21ai_2)
   0.03    3.05 ^ i_croc.i_dmi_jtag.i_dmi_jtag_tap.td_o$_DFF_PN0_/D (sky130_fd_sc_hd__dfrtp_1)
           3.05   data arrival time

  50.00   50.00   clock clk_jtg' (rise edge)
   0.00   50.00   clock source latency
   0.00   50.00 v jtag_tck_i (in)
   0.13   50.13 v clkbuf_regs_0_clk_jtg/X (sky130_fd_sc_hd__clkbuf_16)
   0.19   50.32 v clkbuf_0_jtag_tck_i_regs/X (sky130_fd_sc_hd__clkbuf_16)
   0.24   50.56 v clkbuf_2_1__f_jtag_tck_i_regs/X (sky130_fd_sc_hd__clkbuf_16)
   0.19   50.75 v clkbuf_leaf_28_jtag_tck_i_regs/X (sky130_fd_sc_hd__clkbuf_16)
   0.04   50.78 ^ i_croc.i_dmi_jtag.i_dmi_jtag_tap.i_tck_inv.i_inv_15192/Y (sky130_fd_sc_hd__clkinv_1)
   0.11   50.89 ^ i_croc.i_dmi_jtag.i_dmi_jtag_tap.i_dft_tck_mux.i_mux/X (sky130_fd_sc_hd__mux2_1)
   0.00   50.89 ^ i_croc.i_dmi_jtag.i_dmi_jtag_tap.td_o$_DFF_PN0_/CLK (sky130_fd_sc_hd__dfrtp_1)
  -0.25   50.64   clock uncertainty
   0.00   50.64   clock reconvergence pessimism
  -0.19   50.45   library setup time
          50.45   data required time
---------------------------------------------------------
          50.45   data required time
          -3.05   data arrival time
---------------------------------------------------------
          47.41   slack (MET)


Startpoint: i_croc.i_core_wrap.i_core.if_stage_i.instr_rdata_id_o[15]$_DFFE_PN0P_
            (rising edge-triggered flip-flop clocked by clk_sys)
Endpoint: i_croc.gen_sram_bank[0].i_sram.rdata_o[31]$_DFFE_PP_
          (rising edge-triggered flip-flop clocked by clk_sys)
Path Group: clk_sys
Path Type: max

  Delay    Time   Description
---------------------------------------------------------
   0.00    0.00   clock clk_sys (rise edge)
   0.00    0.00   clock source latency
   0.00    0.00 ^ clk_i (in)
   0.22    0.22 ^ wire15193/X (sky130_fd_sc_hd__buf_16)
   0.29    0.51 ^ clkbuf_0_clk_i/X (sky130_fd_sc_hd__clkbuf_16)
   0.25    0.76 ^ clkbuf_1_1_0_clk_i/X (sky130_fd_sc_hd__clkbuf_16)
   0.23    1.00 ^ clkbuf_2_2_0_clk_i/X (sky130_fd_sc_hd__clkbuf_16)
   0.23    1.22 ^ clkbuf_3_5_0_clk_i/X (sky130_fd_sc_hd__clkbuf_16)
   0.25    1.48 ^ clkbuf_4_11_0_clk_i/X (sky130_fd_sc_hd__clkbuf_16)
   0.26    1.74 ^ clkbuf_6_45_0_clk_i/X (sky130_fd_sc_hd__clkbuf_16)
   0.24    1.97 ^ clkbuf_9_366__f_clk_i/X (sky130_fd_sc_hd__clkbuf_16)
   0.17    2.14 ^ clkbuf_leaf_2611_clk_i/X (sky130_fd_sc_hd__clkbuf_16)
   0.00    2.14 ^ i_croc.i_core_wrap.i_core.if_stage_i.instr_rdata_id_o[15]$_DFFE_PN0P_/CLK (sky130_fd_sc_hd__dfrtp_1)
   0.42    2.56 ^ i_croc.i_core_wrap.i_core.if_stage_i.instr_rdata_id_o[15]$_DFFE_PN0P_/Q (sky130_fd_sc_hd__dfrtp_1)
   0.66    3.22 ^ place15074/X (sky130_fd_sc_hd__buf_4)
   0.88    4.10 ^ place15071/X (sky130_fd_sc_hd__buf_4)
   0.87    4.97 ^ place15070/X (sky130_fd_sc_hd__buf_4)
   0.75    5.72 ^ place15069/X (sky130_fd_sc_hd__buf_4)
   0.66    6.37 v _108266_/X (sky130_fd_sc_hd__mux4_2)
   0.49    6.86 v _108272_/X (sky130_fd_sc_hd__mux4_2)
   1.10    7.96 ^ _108273_/Y (sky130_fd_sc_hd__mux2i_1)
   0.26    8.22 ^ place14117/X (sky130_fd_sc_hd__buf_4)
   0.30    8.52 ^ _108274_/X (sky130_fd_sc_hd__a22o_1)
   0.18    8.70 v _108275_/Y (sky130_fd_sc_hd__inv_1)
   0.65    9.35 ^ _210018_/SUM (sky130_fd_sc_hd__ha_1)
   0.15    9.50 v _106230_/Y (sky130_fd_sc_hd__nand2_1)
   0.45    9.95 ^ _106232_/Y (sky130_fd_sc_hd__o21ai_0)
   0.29   10.24 ^ _106243_/X (sky130_fd_sc_hd__a21o_1)
   0.25   10.50 ^ _106247_/Y (sky130_fd_sc_hd__nand2b_1)
   0.20   10.69 v _106345_/Y (sky130_fd_sc_hd__a31oi_1)
   0.26   10.95 v _106346_/Y (sky130_fd_sc_hd__xnor2_1)
   0.58   11.54 ^ _106349_/Y (sky130_fd_sc_hd__a2111oi_2)
   0.18   11.72 v _106351_/Y (sky130_fd_sc_hd__nor2_1)
   0.44   12.16 ^ _106361_/Y (sky130_fd_sc_hd__nor4_2)
   0.43   12.59 v _106445_/Y (sky130_fd_sc_hd__o2111ai_2)
   0.55   13.14 v _106648_/X (sky130_fd_sc_hd__or3_4)
   0.95   14.09 ^ _106875_/Y (sky130_fd_sc_hd__a211oi_2)
   0.21   14.30 v _106882_/Y (sky130_fd_sc_hd__nand2_1)
   0.32   14.62 v place13469/X (sky130_fd_sc_hd__buf_4)
   0.69   15.31 ^ _111785_/Y (sky130_fd_sc_hd__a211oi_1)
   0.29   15.60 v _111786_/Y (sky130_fd_sc_hd__nand2_1)
   0.46   16.06 ^ _111863_/Y (sky130_fd_sc_hd__o21ai_0)
   0.53   16.59 ^ place12827/X (sky130_fd_sc_hd__buf_4)
   0.60   17.19 ^ place12805/X (sky130_fd_sc_hd__buf_4)
   0.65   17.84 ^ place12796/X (sky130_fd_sc_hd__buf_4)
   0.53   18.38 ^ place12795/X (sky130_fd_sc_hd__buf_4)
   0.68   19.06 ^ place12794/X (sky130_fd_sc_hd__buf_4)
   0.66   19.73 ^ place12793/X (sky130_fd_sc_hd__buf_4)
   0.70   20.42 ^ place12792/X (sky130_fd_sc_hd__buf_4)
   0.19   20.61 v _206031_/Y (sky130_fd_sc_hd__nand3_1)
   0.13   20.74 ^ _206032_/Y (sky130_fd_sc_hd__nand3_1)
   0.11   20.85 v _206033_/Y (sky130_fd_sc_hd__o21ai_0)
   0.40   21.25 v _206064_/X (sky130_fd_sc_hd__a221o_1)
   1.24   22.50 ^ _206103_/Y (sky130_fd_sc_hd__a2111oi_2)
   0.82   23.32 v _206281_/Y (sky130_fd_sc_hd__nand4_1)
   0.74   24.06 v _206888_/X (sky130_fd_sc_hd__or4_1)
   0.00   24.06 v i_croc.gen_sram_bank[0].i_sram.rdata_o[31]$_DFFE_PP_/D (sky130_fd_sc_hd__edfxtp_1)
          24.06   data arrival time

  40.00   40.00   clock clk_sys (rise edge)
   0.00   40.00   clock source latency
   0.00   40.00 ^ clk_i (in)
   0.22   40.22 ^ wire15193/X (sky130_fd_sc_hd__buf_16)
   0.29   40.51 ^ clkbuf_0_clk_i/X (sky130_fd_sc_hd__clkbuf_16)
   0.24   40.75 ^ clkbuf_1_0_0_clk_i/X (sky130_fd_sc_hd__clkbuf_16)
   0.22   40.98 ^ clkbuf_2_1_0_clk_i/X (sky130_fd_sc_hd__clkbuf_16)
   0.22   41.20 ^ clkbuf_3_3_0_clk_i/X (sky130_fd_sc_hd__clkbuf_16)
   0.25   41.45 ^ clkbuf_4_6_0_clk_i/X (sky130_fd_sc_hd__clkbuf_16)
   0.27   41.72 ^ clkbuf_6_27_0_clk_i/X (sky130_fd_sc_hd__clkbuf_16)
   0.27   41.98 ^ clkbuf_9_221__f_clk_i/X (sky130_fd_sc_hd__clkbuf_16)
   0.18   42.16 ^ clkbuf_leaf_1911_clk_i/X (sky130_fd_sc_hd__clkbuf_16)
   0.00   42.17 ^ i_croc.gen_sram_bank[0].i_sram.rdata_o[31]$_DFFE_PP_/CLK (sky130_fd_sc_hd__edfxtp_1)
  -0.25   41.92   clock uncertainty
   0.00   41.92   clock reconvergence pessimism
  -0.26   41.65   library setup time
          41.65   data required time
---------------------------------------------------------
          41.65   data required time
         -24.06   data arrival time
---------------------------------------------------------
          17.59   slack (MET)



==========================================================================
finish report_checks -path_delay min reg to reg
--------------------------------------------------------------------------
Startpoint: i_rstgen.i_rstgen_bypass.synch_regs_q[3]$_DFF_PN0_
            (rising edge-triggered flip-flop clocked by clk_sys)
Endpoint: i_croc.i_clint.mtime_q[27]$_DFFE_PN0P_
          (removal check against rising-edge clock clk_sys)
Path Group: asynchronous
Path Type: min

  Delay    Time   Description
---------------------------------------------------------
   0.00    0.00   clock clk_sys (rise edge)
   0.00    0.00   clock source latency
   0.00    0.00 ^ clk_i (in)
   0.22    0.22 ^ wire15193/X (sky130_fd_sc_hd__buf_16)
   0.29    0.51 ^ clkbuf_0_clk_i/X (sky130_fd_sc_hd__clkbuf_16)
   0.25    0.76 ^ clkbuf_1_1_0_clk_i/X (sky130_fd_sc_hd__clkbuf_16)
   0.23    1.00 ^ clkbuf_2_3_0_clk_i/X (sky130_fd_sc_hd__clkbuf_16)
   0.23    1.23 ^ clkbuf_3_7_0_clk_i/X (sky130_fd_sc_hd__clkbuf_16)
   0.25    1.48 ^ clkbuf_4_15_0_clk_i/X (sky130_fd_sc_hd__clkbuf_16)
   0.26    1.74 ^ clkbuf_6_62_0_clk_i/X (sky130_fd_sc_hd__clkbuf_16)
   0.21    1.94 ^ clkbuf_9_501__f_clk_i/X (sky130_fd_sc_hd__clkbuf_16)
   0.16    2.11 ^ clkbuf_leaf_2214_clk_i/X (sky130_fd_sc_hd__clkbuf_16)
   0.00    2.11 ^ i_rstgen.i_rstgen_bypass.synch_regs_q[3]$_DFF_PN0_/CLK (sky130_fd_sc_hd__dfrtp_1)
   0.32    2.43 ^ i_rstgen.i_rstgen_bypass.synch_regs_q[3]$_DFF_PN0_/Q (sky130_fd_sc_hd__dfrtp_1)
   0.47    2.90 ^ i_rstgen.i_rstgen_bypass.i_tc_clk_mux2_rst_no.i_mux/X (sky130_fd_sc_hd__mux2_4)
   0.04    2.94 ^ i_croc.i_clint.mtime_q[27]$_DFFE_PN0P_/RESET_B (sky130_fd_sc_hd__dfrtp_1)
           2.94   data arrival time

   0.00    0.00   clock clk_sys (rise edge)
   0.00    0.00   clock source latency
   0.00    0.00 ^ clk_i (in)
   0.22    0.22 ^ wire15193/X (sky130_fd_sc_hd__buf_16)
   0.29    0.51 ^ clkbuf_0_clk_i/X (sky130_fd_sc_hd__clkbuf_16)
   0.25    0.76 ^ clkbuf_1_1_0_clk_i/X (sky130_fd_sc_hd__clkbuf_16)
   0.23    1.00 ^ clkbuf_2_3_0_clk_i/X (sky130_fd_sc_hd__clkbuf_16)
   0.23    1.23 ^ clkbuf_3_7_0_clk_i/X (sky130_fd_sc_hd__clkbuf_16)
   0.25    1.48 ^ clkbuf_4_15_0_clk_i/X (sky130_fd_sc_hd__clkbuf_16)
   0.26    1.74 ^ clkbuf_6_62_0_clk_i/X (sky130_fd_sc_hd__clkbuf_16)
   0.21    1.94 ^ clkbuf_9_501__f_clk_i/X (sky130_fd_sc_hd__clkbuf_16)
   0.15    2.09 ^ clkbuf_leaf_2196_clk_i/X (sky130_fd_sc_hd__clkbuf_16)
   0.00    2.10 ^ i_croc.i_clint.mtime_q[27]$_DFFE_PN0P_/CLK (sky130_fd_sc_hd__dfrtp_1)
   0.25    2.35   clock uncertainty
   0.00    2.35   clock reconvergence pessimism
   0.46    2.80   library removal time
           2.80   data required time
---------------------------------------------------------
           2.80   data required time
          -2.94   data arrival time
---------------------------------------------------------
           0.14   slack (MET)


Startpoint: i_croc.i_dmi_jtag.i_dmi_cdc.i_cdc_resp.i_dst.i_sync.reg_q[0]$_DFF_PN0_
            (rising edge-triggered flip-flop clocked by clk_jtg)
Endpoint: i_croc.i_dmi_jtag.i_dmi_cdc.i_cdc_resp.i_dst.i_sync.reg_q[1]$_DFF_PN0_
          (rising edge-triggered flip-flop clocked by clk_jtg)
Path Group: clk_jtg
Path Type: min

  Delay    Time   Description
---------------------------------------------------------
   0.00    0.00   clock clk_jtg (rise edge)
   0.00    0.00   clock source latency
   0.00    0.00 ^ jtag_tck_i (in)
   0.11    0.11 ^ clkbuf_regs_0_clk_jtg/X (sky130_fd_sc_hd__clkbuf_16)
   0.19    0.30 ^ clkbuf_0_jtag_tck_i_regs/X (sky130_fd_sc_hd__clkbuf_16)
   0.25    0.55 ^ clkbuf_2_2__f_jtag_tck_i_regs/X (sky130_fd_sc_hd__clkbuf_16)
   0.18    0.73 ^ clkbuf_leaf_15_jtag_tck_i_regs/X (sky130_fd_sc_hd__clkbuf_16)
   0.00    0.73 ^ i_croc.i_dmi_jtag.i_dmi_cdc.i_cdc_resp.i_dst.i_sync.reg_q[0]$_DFF_PN0_/CLK (sky130_fd_sc_hd__dfrtp_1)
   0.31    1.05 ^ i_croc.i_dmi_jtag.i_dmi_cdc.i_cdc_resp.i_dst.i_sync.reg_q[0]$_DFF_PN0_/Q (sky130_fd_sc_hd__dfrtp_1)
   0.00    1.05 ^ i_croc.i_dmi_jtag.i_dmi_cdc.i_cdc_resp.i_dst.i_sync.reg_q[1]$_DFF_PN0_/D (sky130_fd_sc_hd__dfrtp_1)
           1.05   data arrival time

   0.00    0.00   clock clk_jtg (rise edge)
   0.00    0.00   clock source latency
   0.00    0.00 ^ jtag_tck_i (in)
   0.11    0.11 ^ clkbuf_regs_0_clk_jtg/X (sky130_fd_sc_hd__clkbuf_16)
   0.19    0.30 ^ clkbuf_0_jtag_tck_i_regs/X (sky130_fd_sc_hd__clkbuf_16)
   0.25    0.55 ^ clkbuf_2_2__f_jtag_tck_i_regs/X (sky130_fd_sc_hd__clkbuf_16)
   0.18    0.73 ^ clkbuf_leaf_15_jtag_tck_i_regs/X (sky130_fd_sc_hd__clkbuf_16)
   0.00    0.73 ^ i_croc.i_dmi_jtag.i_dmi_cdc.i_cdc_resp.i_dst.i_sync.reg_q[1]$_DFF_PN0_/CLK (sky130_fd_sc_hd__dfrtp_1)
   0.25    0.98   clock uncertainty
   0.00    0.98   clock reconvergence pessimism
  -0.03    0.95   library hold time
           0.95   data required time
---------------------------------------------------------
           0.95   data required time
          -1.05   data arrival time
---------------------------------------------------------
           0.10   slack (MET)


Startpoint: i_croc.i_gpio.gen_gpios[5].i_sync.reg_q[0]$_DFF_PN0_
            (rising edge-triggered flip-flop clocked by clk_sys)
Endpoint: i_croc.i_gpio.gen_gpios[5].i_sync.reg_q[1]$_DFF_PN0_
          (rising edge-triggered flip-flop clocked by clk_sys)
Path Group: clk_sys
Path Type: min

  Delay    Time   Description
---------------------------------------------------------
   0.00    0.00   clock clk_sys (rise edge)
   0.00    0.00   clock source latency
   0.00    0.00 ^ clk_i (in)
   0.22    0.22 ^ wire15193/X (sky130_fd_sc_hd__buf_16)
   0.29    0.51 ^ clkbuf_0_clk_i/X (sky130_fd_sc_hd__clkbuf_16)
   0.25    0.76 ^ clkbuf_1_1_0_clk_i/X (sky130_fd_sc_hd__clkbuf_16)
   0.23    1.00 ^ clkbuf_2_3_0_clk_i/X (sky130_fd_sc_hd__clkbuf_16)
   0.23    1.23 ^ clkbuf_3_7_0_clk_i/X (sky130_fd_sc_hd__clkbuf_16)
   0.25    1.48 ^ clkbuf_4_14_0_clk_i/X (sky130_fd_sc_hd__clkbuf_16)
   0.27    1.75 ^ clkbuf_6_59_0_clk_i/X (sky130_fd_sc_hd__clkbuf_16)
   0.21    1.96 ^ clkbuf_9_477__f_clk_i/X (sky130_fd_sc_hd__clkbuf_16)
   0.16    2.12 ^ clkbuf_leaf_2520_clk_i/X (sky130_fd_sc_hd__clkbuf_16)
   0.00    2.12 ^ i_croc.i_gpio.gen_gpios[5].i_sync.reg_q[0]$_DFF_PN0_/CLK (sky130_fd_sc_hd__dfrtp_1)
   0.31    2.43 ^ i_croc.i_gpio.gen_gpios[5].i_sync.reg_q[0]$_DFF_PN0_/Q (sky130_fd_sc_hd__dfrtp_1)
   0.00    2.43 ^ i_croc.i_gpio.gen_gpios[5].i_sync.reg_q[1]$_DFF_PN0_/D (sky130_fd_sc_hd__dfrtp_1)
           2.43   data arrival time

   0.00    0.00   clock clk_sys (rise edge)
   0.00    0.00   clock source latency
   0.00    0.00 ^ clk_i (in)
   0.22    0.22 ^ wire15193/X (sky130_fd_sc_hd__buf_16)
   0.29    0.51 ^ clkbuf_0_clk_i/X (sky130_fd_sc_hd__clkbuf_16)
   0.25    0.76 ^ clkbuf_1_1_0_clk_i/X (sky130_fd_sc_hd__clkbuf_16)
   0.23    1.00 ^ clkbuf_2_3_0_clk_i/X (sky130_fd_sc_hd__clkbuf_16)
   0.23    1.23 ^ clkbuf_3_7_0_clk_i/X (sky130_fd_sc_hd__clkbuf_16)
   0.25    1.48 ^ clkbuf_4_14_0_clk_i/X (sky130_fd_sc_hd__clkbuf_16)
   0.27    1.75 ^ clkbuf_6_59_0_clk_i/X (sky130_fd_sc_hd__clkbuf_16)
   0.21    1.96 ^ clkbuf_9_477__f_clk_i/X (sky130_fd_sc_hd__clkbuf_16)
   0.16    2.12 ^ clkbuf_leaf_2520_clk_i/X (sky130_fd_sc_hd__clkbuf_16)
   0.00    2.12 ^ i_croc.i_gpio.gen_gpios[5].i_sync.reg_q[1]$_DFF_PN0_/CLK (sky130_fd_sc_hd__dfrtp_1)
   0.25    2.37   clock uncertainty
   0.00    2.37   clock reconvergence pessimism
  -0.03    2.34   library hold time
           2.34   data required time
---------------------------------------------------------
           2.34   data required time
          -2.43   data arrival time
---------------------------------------------------------
           0.10   slack (MET)



==========================================================================
finish critical path target clock latency max path
--------------------------------------------------------------------------
0.8909

==========================================================================
finish critical path target clock latency min path
--------------------------------------------------------------------------
0.7667

==========================================================================
finish critical path source clock latency min path
--------------------------------------------------------------------------
0.0000

==========================================================================
finish critical path delay
--------------------------------------------------------------------------
24.0608

==========================================================================
finish critical path slack
--------------------------------------------------------------------------
17.5907

==========================================================================
finish slack div critical path delay
--------------------------------------------------------------------------
73.109373

==========================================================================
finish report_power
--------------------------------------------------------------------------
Group                  Internal  Switching    Leakage      Total
                          Power      Power      Power      Power (Watts)
----------------------------------------------------------------
Sequential             4.18e-02   5.06e-05   3.67e-07   4.19e-02  51.5%
Combinational          1.86e-04   8.39e-04   2.12e-07   1.03e-03   1.3%
Clock                  2.17e-02   1.67e-02   6.54e-08   3.84e-02  47.2%
Macro                  0.00e+00   0.00e+00   0.00e+00   0.00e+00   0.0%
Pad                    0.00e+00   0.00e+00   0.00e+00   0.00e+00   0.0%
----------------------------------------------------------------
Total                  6.37e-02   1.76e-02   6.45e-07   8.13e-02 100.0%
                          78.4%      21.6%       0.0%
